Archive member included to satisfy reference by file (symbol)

/home/szy/gcc-arm-none-eabi-7-2017-q4-major/bin/../lib/gcc/arm-none-eabi/7.2.1/thumb/v7-m/libgcc.a(_arm_addsubdf3.o)
                              CMakeFiles/MPU6050_clion.elf.dir/MPU6050/mpu6050.c.obj (__aeabi_dadd)
/home/szy/gcc-arm-none-eabi-7-2017-q4-major/bin/../lib/gcc/arm-none-eabi/7.2.1/thumb/v7-m/libgcc.a(_arm_muldivdf3.o)
                              CMakeFiles/MPU6050_clion.elf.dir/MPU6050/eMPL/inv_mpu.c.obj (__aeabi_dmul)
/home/szy/gcc-arm-none-eabi-7-2017-q4-major/bin/../lib/gcc/arm-none-eabi/7.2.1/thumb/v7-m/libgcc.a(_arm_truncdfsf2.o)
                              CMakeFiles/MPU6050_clion.elf.dir/MPU6050/eMPL/inv_mpu.c.obj (__aeabi_d2f)
/home/szy/gcc-arm-none-eabi-7-2017-q4-major/bin/../lib/gcc/arm-none-eabi/7.2.1/thumb/v7-m/libgcc.a(_arm_addsubsf3.o)
                              CMakeFiles/MPU6050_clion.elf.dir/MPU6050/eMPL/inv_mpu.c.obj (__aeabi_fsub)
/home/szy/gcc-arm-none-eabi-7-2017-q4-major/bin/../lib/gcc/arm-none-eabi/7.2.1/thumb/v7-m/libgcc.a(_arm_muldivsf3.o)
                              CMakeFiles/MPU6050_clion.elf.dir/MPU6050/eMPL/inv_mpu.c.obj (__aeabi_fmul)
/home/szy/gcc-arm-none-eabi-7-2017-q4-major/bin/../lib/gcc/arm-none-eabi/7.2.1/thumb/v7-m/libgcc.a(_arm_cmpsf2.o)
                              CMakeFiles/MPU6050_clion.elf.dir/MPU6050/eMPL/inv_mpu.c.obj (__aeabi_fcmpeq)
/home/szy/gcc-arm-none-eabi-7-2017-q4-major/bin/../lib/gcc/arm-none-eabi/7.2.1/thumb/v7-m/libgcc.a(_arm_fixsfsi.o)
                              CMakeFiles/MPU6050_clion.elf.dir/MPU6050/eMPL/inv_mpu.c.obj (__aeabi_f2iz)
/home/szy/gcc-arm-none-eabi-7-2017-q4-major/bin/../lib/gcc/arm-none-eabi/7.2.1/thumb/v7-m/libgcc.a(_arm_fixunssfsi.o)
                              CMakeFiles/MPU6050_clion.elf.dir/MPU6050/eMPL/inv_mpu_dmp_motion_driver.c.obj (__aeabi_f2uiz)
/home/szy/gcc-arm-none-eabi-7-2017-q4-major/bin/../lib/gcc/arm-none-eabi/7.2.1/thumb/v7-m/libgcc.a(_aeabi_ldivmod.o)
                              CMakeFiles/MPU6050_clion.elf.dir/MPU6050/eMPL/inv_mpu.c.obj (__aeabi_ldivmod)
/home/szy/gcc-arm-none-eabi-7-2017-q4-major/bin/../lib/gcc/arm-none-eabi/7.2.1/thumb/v7-m/libgcc.a(_udivmoddi4.o)
                              /home/szy/gcc-arm-none-eabi-7-2017-q4-major/bin/../lib/gcc/arm-none-eabi/7.2.1/thumb/v7-m/libgcc.a(_aeabi_ldivmod.o) (__udivmoddi4)
/home/szy/gcc-arm-none-eabi-7-2017-q4-major/bin/../lib/gcc/arm-none-eabi/7.2.1/thumb/v7-m/libgcc.a(_dvmd_tls.o)
                              /home/szy/gcc-arm-none-eabi-7-2017-q4-major/bin/../lib/gcc/arm-none-eabi/7.2.1/thumb/v7-m/libgcc.a(_aeabi_ldivmod.o) (__aeabi_ldiv0)
/home/szy/gcc-arm-none-eabi-7-2017-q4-major/bin/../lib/gcc/arm-none-eabi/7.2.1/../../../../arm-none-eabi/lib/thumb/v7-m/libg.a(lib_a-errno.o)
                              CMakeFiles/MPU6050_clion.elf.dir/Core/Src/syscalls.c.obj (__errno)
/home/szy/gcc-arm-none-eabi-7-2017-q4-major/bin/../lib/gcc/arm-none-eabi/7.2.1/../../../../arm-none-eabi/lib/thumb/v7-m/libg.a(lib_a-exit.o)
                              /home/szy/gcc-arm-none-eabi-7-2017-q4-major/bin/../lib/gcc/arm-none-eabi/7.2.1/../../../../arm-none-eabi/lib/thumb/v7-m/crt0.o (exit)
/home/szy/gcc-arm-none-eabi-7-2017-q4-major/bin/../lib/gcc/arm-none-eabi/7.2.1/../../../../arm-none-eabi/lib/thumb/v7-m/libg.a(lib_a-impure.o)
                              /home/szy/gcc-arm-none-eabi-7-2017-q4-major/bin/../lib/gcc/arm-none-eabi/7.2.1/../../../../arm-none-eabi/lib/thumb/v7-m/libg.a(lib_a-exit.o) (_global_impure_ptr)
/home/szy/gcc-arm-none-eabi-7-2017-q4-major/bin/../lib/gcc/arm-none-eabi/7.2.1/../../../../arm-none-eabi/lib/thumb/v7-m/libg.a(lib_a-init.o)
                              /home/szy/gcc-arm-none-eabi-7-2017-q4-major/bin/../lib/gcc/arm-none-eabi/7.2.1/../../../../arm-none-eabi/lib/thumb/v7-m/crt0.o (__libc_init_array)
/home/szy/gcc-arm-none-eabi-7-2017-q4-major/bin/../lib/gcc/arm-none-eabi/7.2.1/../../../../arm-none-eabi/lib/thumb/v7-m/libg.a(lib_a-memcmp.o)
                              CMakeFiles/MPU6050_clion.elf.dir/MPU6050/eMPL/inv_mpu.c.obj (memcmp)
/home/szy/gcc-arm-none-eabi-7-2017-q4-major/bin/../lib/gcc/arm-none-eabi/7.2.1/../../../../arm-none-eabi/lib/thumb/v7-m/libg.a(lib_a-memset.o)
                              /home/szy/gcc-arm-none-eabi-7-2017-q4-major/bin/../lib/gcc/arm-none-eabi/7.2.1/../../../../arm-none-eabi/lib/thumb/v7-m/crt0.o (memset)
/home/szy/gcc-arm-none-eabi-7-2017-q4-major/bin/../lib/gcc/arm-none-eabi/7.2.1/../../../../arm-none-eabi/lib/thumb/v7-m/libg.a(lib_a-printf.o)
                              CMakeFiles/MPU6050_clion.elf.dir/MPU6050/eMPL/inv_mpu.c.obj (printf)
/home/szy/gcc-arm-none-eabi-7-2017-q4-major/bin/../lib/gcc/arm-none-eabi/7.2.1/../../../../arm-none-eabi/lib/thumb/v7-m/libg.a(lib_a-puts.o)
                              CMakeFiles/MPU6050_clion.elf.dir/MPU6050/eMPL/inv_mpu.c.obj (puts)
[...]
Memory Configuration

Name             Origin             Length             Attributes
RAM              0x0000000020000000 0x0000000000005000 xrw
FLASH            0x0000000008000000 0x0000000000010000 xr
*default*        0x0000000000000000 0xffffffffffffffff

Linker script and memory map

LOAD /home/szy/gcc-arm-none-eabi-7-2017-q4-major/bin/../lib/gcc/arm-none-eabi/7.2.1/thumb/v7-m/crti.o
LOAD /home/szy/gcc-arm-none-eabi-7-2017-q4-major/bin/../lib/gcc/arm-none-eabi/7.2.1/thumb/v7-m/crtbegin.o
LOAD /home/szy/gcc-arm-none-eabi-7-2017-q4-major/bin/../lib/gcc/arm-none-eabi/7.2.1/../../../../arm-none-eabi/lib/thumb/v7-m/crt0.o
LOAD CMakeFiles/MPU6050_clion.elf.dir/Core/Src/dma.c.obj
LOAD CMakeFiles/MPU6050_clion.elf.dir/Core/Src/gpio.c.obj
LOAD CMakeFiles/MPU6050_clion.elf.dir/Core/Src/main.c.obj
LOAD CMakeFiles/MPU6050_clion.elf.dir/Core/Src/stm32f1xx_hal_msp.c.obj
LOAD CMakeFiles/MPU6050_clion.elf.dir/Core/Src/stm32f1xx_it.c.obj
LOAD CMakeFiles/MPU6050_clion.elf.dir/Core/Src/syscalls.c.obj
LOAD CMakeFiles/MPU6050_clion.elf.dir/Core/Src/sysmem.c.obj
LOAD CMakeFiles/MPU6050_clion.elf.dir/Core/Src/system_stm32f1xx.c.obj
LOAD CMakeFiles/MPU6050_clion.elf.dir/Core/Src/usart.c.obj
LOAD CMakeFiles/MPU6050_clion.elf.dir/Core/Startup/startup_stm32f103c8tx.s.obj
LOAD CMakeFiles/MPU6050_clion.elf.dir/Drivers/STM32F1xx_HAL_Driver/Src/stm32f1xx_hal.c.obj
LOAD CMakeFiles/MPU6050_clion.elf.dir/Drivers/STM32F1xx_HAL_Driver/Src/stm32f1xx_hal_cortex.c.obj
LOAD CMakeFiles/MPU6050_clion.elf.dir/Drivers/STM32F1xx_HAL_Driver/Src/stm32f1xx_hal_dma.c.obj
LOAD CMakeFiles/MPU6050_clion.elf.dir/Drivers/STM32F1xx_HAL_Driver/Src/stm32f1xx_hal_exti.c.obj
LOAD CMakeFiles/MPU6050_clion.elf.dir/Drivers/STM32F1xx_HAL_Driver/Src/stm32f1xx_hal_flash.c.obj
LOAD CMakeFiles/MPU6050_clion.elf.dir/Drivers/STM32F1xx_HAL_Driver/Src/stm32f1xx_hal_flash_ex.c.obj
LOAD CMakeFiles/MPU6050_clion.elf.dir/Drivers/STM32F1xx_HAL_Driver/Src/stm32f1xx_hal_gpio.c.obj
LOAD CMakeFiles/MPU6050_clion.elf.dir/Drivers/STM32F1xx_HAL_Driver/Src/stm32f1xx_hal_gpio_ex.c.obj
LOAD CMakeFiles/MPU6050_clion.elf.dir/Drivers/STM32F1xx_HAL_Driver/Src/stm32f1xx_hal_pwr.c.obj
LOAD CMakeFiles/MPU6050_clion.elf.dir/Drivers/STM32F1xx_HAL_Driver/Src/stm32f1xx_hal_rcc.c.obj
LOAD CMakeFiles/MPU6050_clion.elf.dir/Drivers/STM32F1xx_HAL_Driver/Src/stm32f1xx_hal_rcc_ex.c.obj
LOAD CMakeFiles/MPU6050_clion.elf.dir/Drivers/STM32F1xx_HAL_Driver/Src/stm32f1xx_hal_tim.c.obj
LOAD CMakeFiles/MPU6050_clion.elf.dir/Drivers/STM32F1xx_HAL_Driver/Src/stm32f1xx_hal_tim_ex.c.obj
LOAD CMakeFiles/MPU6050_clion.elf.dir/Drivers/STM32F1xx_HAL_Driver/Src/stm32f1xx_hal_uart.c.obj
LOAD CMakeFiles/MPU6050_clion.elf.dir/MPU6050/eMPL/inv_mpu.c.obj
LOAD CMakeFiles/MPU6050_clion.elf.dir/MPU6050/eMPL/inv_mpu_dmp_motion_driver.c.obj
LOAD CMakeFiles/MPU6050_clion.elf.dir/MPU6050/mpu6050.c.obj
LOAD CMakeFiles/MPU6050_clion.elf.dir/MPU6050/mpuiic.c.obj
START GROUP
LOAD /home/szy/gcc-arm-none-eabi-7-2017-q4-major/bin/../lib/gcc/arm-none-eabi/7.2.1/thumb/v7-m/libgcc.a
LOAD /home/szy/gcc-arm-none-eabi-7-2017-q4-major/bin/../lib/gcc/arm-none-eabi/7.2.1/../../../../arm-none-eabi/lib/thumb/v7-m/libg.a
LOAD /home/szy/gcc-arm-none-eabi-7-2017-q4-major/bin/../lib/gcc/arm-none-eabi/7.2.1/../../../../arm-none-eabi/lib/thumb/v7-m/libc.a
END GROUP
LOAD /home/szy/gcc-arm-none-eabi-7-2017-q4-major/bin/../lib/gcc/arm-none-eabi/7.2.1/thumb/v7-m/crtend.o
LOAD /home/szy/gcc-arm-none-eabi-7-2017-q4-major/bin/../lib/gcc/arm-none-eabi/7.2.1/thumb/v7-m/crtn.o
                0x0000000020005000                _estack = (ORIGIN (RAM) + LENGTH (RAM))
                0x0000000000000200                _Min_Heap_Size = 0x200
                0x0000000000000400                _Min_Stack_Size = 0x400

.isr_vector     0x0000000008000000      0x10c
                0x0000000008000000                . = ALIGN (0x4)
 *(.isr_vector)
 .isr_vector    0x0000000008000000      0x10c CMakeFiles/MPU6050_clion.elf.dir/Core/Startup/startup_stm32f103c8tx.s.obj
                0x0000000008000000                g_pfnVectors
                0x000000000800010c                . = ALIGN (0x4)

.text           0x000000000800010c     0x1570
                0x000000000800010c                . = ALIGN (0x4)
 *(.text)
 .text          0x000000000800010c       0x40 /home/szy/gcc-arm-none-eabi-7-2017-q4-major/bin/../lib/gcc/arm-none-eabi/7.2.1/thumb/v7-m/crtbegin.o
 *(.text*)
 .text.MX_DMA_Init
                0x000000000800014c       0x34 CMakeFiles/MPU6050_clion.elf.dir/Core/Src/dma.c.obj
                0x000000000800014c                MX_DMA_Init
 .text.MX_GPIO_Init
                0x0000000008000180       0x8c CMakeFiles/MPU6050_clion.elf.dir/Core/Src/gpio.c.obj
                0x0000000008000180                MX_GPIO_Init
 .text.Error_Handler
                0x000000000800020c        0x4 CMakeFiles/MPU6050_clion.elf.dir/Core/Src/main.c.obj
                0x000000000800020c                Error_Handler
 .text.SystemClock_Config
                0x0000000008000210       0x62 CMakeFiles/MPU6050_clion.elf.dir/Core/Src/main.c.obj
                0x0000000008000210                SystemClock_Config
 .text.main     0x0000000008000272       0x18 CMakeFiles/MPU6050_clion.elf.dir/Core/Src/main.c.obj
                0x0000000008000272                main
 *fill*         0x000000000800028a        0x2 
 .text.HAL_MspInit
                0x000000000800028c       0x44 CMakeFiles/MPU6050_clion.elf.dir/Core/Src/stm32f1xx_hal_msp.c.obj
                0x000000000800028c                HAL_MspInit
 .text.NMI_Handler
                0x00000000080002d0        0x2 CMakeFiles/MPU6050_clion.elf.dir/Core/Src/stm32f1xx_it.c.obj
                0x00000000080002d0                NMI_Handler
 .text.HardFault_Handler
                0x00000000080002d2        0x2 CMakeFiles/MPU6050_clion.elf.dir/Core/Src/stm32f1xx_it.c.obj
                0x00000000080002d2                HardFault_Handler
 .text.MemManage_Handler
                0x00000000080002d4        0x2 CMakeFiles/MPU6050_clion.elf.dir/Core/Src/stm32f1xx_it.c.obj
                0x00000000080002d4                MemManage_Handler
 .text.BusFault_Handler
                0x00000000080002d6        0x2 CMakeFiles/MPU6050_clion.elf.dir/Core/Src/stm32f1xx_it.c.obj
                0x00000000080002d6                BusFault_Handler
 .text.UsageFault_Handler
                0x00000000080002d8        0x2 CMakeFiles/MPU6050_clion.elf.dir/Core/Src/stm32f1xx_it.c.obj
                0x00000000080002d8                UsageFault_Handler
 .text.SVC_Handler
                0x00000000080002da        0x2 CMakeFiles/MPU6050_clion.elf.dir/Core/Src/stm32f1xx_it.c.obj
                0x00000000080002da                SVC_Handler
 .text.DebugMon_Handler
                0x00000000080002dc        0x2 CMakeFiles/MPU6050_clion.elf.dir/Core/Src/stm32f1xx_it.c.obj
                0x00000000080002dc                DebugMon_Handler
 .text.PendSV_Handler
                0x00000000080002de        0x2 CMakeFiles/MPU6050_clion.elf.dir/Core/Src/stm32f1xx_it.c.obj
                0x00000000080002de                PendSV_Handler
 .text.SysTick_Handler
                0x00000000080002e0        0x8 CMakeFiles/MPU6050_clion.elf.dir/Core/Src/stm32f1xx_it.c.obj
                0x00000000080002e0                SysTick_Handler
 .text.DMA1_Channel4_IRQHandler
                0x00000000080002e8       0x10 CMakeFiles/MPU6050_clion.elf.dir/Core/Src/stm32f1xx_it.c.obj
                0x00000000080002e8                DMA1_Channel4_IRQHandler
 .text.USART1_IRQHandler
                0x00000000080002f8       0x10 CMakeFiles/MPU6050_clion.elf.dir/Core/Src/stm32f1xx_it.c.obj
                0x00000000080002f8                USART1_IRQHandler
 .text.SystemInit
                0x0000000008000308        0x2 CMakeFiles/MPU6050_clion.elf.dir/Core/Src/system_stm32f1xx.c.obj
                0x0000000008000308                SystemInit
 *fill*         0x000000000800030a        0x2 
 .text.MX_USART1_UART_Init
                0x000000000800030c       0x34 CMakeFiles/MPU6050_clion.elf.dir/Core/Src/usart.c.obj
                0x000000000800030c                MX_USART1_UART_Init
 .text.HAL_UART_MspInit
                0x0000000008000340       0xc0 CMakeFiles/MPU6050_clion.elf.dir/Core/Src/usart.c.obj
                0x0000000008000340                HAL_UART_MspInit
 .text.Reset_Handler
                0x0000000008000400       0x48 CMakeFiles/MPU6050_clion.elf.dir/Core/Startup/startup_stm32f103c8tx.s.obj
                0x0000000008000400                Reset_Handler
 .text.Default_Handler
                0x0000000008000448        0x2 CMakeFiles/MPU6050_clion.elf.dir/Core/Startup/startup_stm32f103c8tx.s.obj
                0x0000000008000448                RTC_Alarm_IRQHandler
                0x0000000008000448                EXTI2_IRQHandler
                0x0000000008000448                TIM1_CC_IRQHandler
                0x0000000008000448                PVD_IRQHandler
                0x0000000008000448                EXTI3_IRQHandler
                0x0000000008000448                EXTI0_IRQHandler
                0x0000000008000448                I2C2_EV_IRQHandler
                0x0000000008000448                ADC1_2_IRQHandler
                0x0000000008000448                SPI1_IRQHandler
                0x0000000008000448                TAMPER_IRQHandler
                0x0000000008000448                USART3_IRQHandler
                0x0000000008000448                RTC_IRQHandler
                0x0000000008000448                DMA1_Channel7_IRQHandler
                0x0000000008000448                CAN1_RX1_IRQHandler
                0x0000000008000448                TIM4_IRQHandler
                0x0000000008000448                I2C1_EV_IRQHandler
                0x0000000008000448                DMA1_Channel6_IRQHandler
                0x0000000008000448                TIM3_IRQHandler
                0x0000000008000448                RCC_IRQHandler
                0x0000000008000448                TIM1_TRG_COM_IRQHandler
                0x0000000008000448                DMA1_Channel1_IRQHandler
                0x0000000008000448                Default_Handler
                0x0000000008000448                EXTI15_10_IRQHandler
                0x0000000008000448                EXTI9_5_IRQHandler
                0x0000000008000448                SPI2_IRQHandler
                0x0000000008000448                DMA1_Channel5_IRQHandler
                0x0000000008000448                EXTI4_IRQHandler
                0x0000000008000448                USB_LP_CAN1_RX0_IRQHandler
                0x0000000008000448                USB_HP_CAN1_TX_IRQHandler
                0x0000000008000448                DMA1_Channel3_IRQHandler
                0x0000000008000448                TIM1_UP_IRQHandler
                0x0000000008000448                WWDG_IRQHandler
                0x0000000008000448                TIM2_IRQHandler
                0x0000000008000448                TIM1_BRK_IRQHandler
                0x0000000008000448                EXTI1_IRQHandler
                0x0000000008000448                USART2_IRQHandler
                0x0000000008000448                I2C2_ER_IRQHandler
                0x0000000008000448                DMA1_Channel2_IRQHandler
                0x0000000008000448                CAN1_SCE_IRQHandler
                0x0000000008000448                FLASH_IRQHandler
                0x0000000008000448                I2C1_ER_IRQHandler
                0x0000000008000448                USBWakeUp_IRQHandler
 *fill*         0x000000000800044a        0x2 
 .text.HAL_InitTick
                0x000000000800044c       0x4c CMakeFiles/MPU6050_clion.elf.dir/Drivers/STM32F1xx_HAL_Driver/Src/stm32f1xx_hal.c.obj
                0x000000000800044c                HAL_InitTick
 .text.HAL_Init
                0x0000000008000498       0x24 CMakeFiles/MPU6050_clion.elf.dir/Drivers/STM32F1xx_HAL_Driver/Src/stm32f1xx_hal.c.obj
                0x0000000008000498                HAL_Init
 .text.HAL_IncTick
                0x00000000080004bc       0x18 CMakeFiles/MPU6050_clion.elf.dir/Drivers/STM32F1xx_HAL_Driver/Src/stm32f1xx_hal.c.obj
                0x00000000080004bc                HAL_IncTick
 .text.HAL_GetTick
                0x00000000080004d4        0xc CMakeFiles/MPU6050_clion.elf.dir/Drivers/STM32F1xx_HAL_Driver/Src/stm32f1xx_hal.c.obj
                0x00000000080004d4                HAL_GetTick
 .text.HAL_NVIC_SetPriorityGrouping
                0x00000000080004e0       0x24 CMakeFiles/MPU6050_clion.elf.dir/Drivers/STM32F1xx_HAL_Driver/Src/stm32f1xx_hal_cortex.c.obj
                0x00000000080004e0                HAL_NVIC_SetPriorityGrouping
 .text.HAL_NVIC_SetPriority
                0x0000000008000504       0x68 CMakeFiles/MPU6050_clion.elf.dir/Drivers/STM32F1xx_HAL_Driver/Src/stm32f1xx_hal_cortex.c.obj
                0x0000000008000504                HAL_NVIC_SetPriority
 .text.HAL_NVIC_EnableIRQ
                0x000000000800056c       0x1c CMakeFiles/MPU6050_clion.elf.dir/Drivers/STM32F1xx_HAL_Driver/Src/stm32f1xx_hal_cortex.c.obj
                0x000000000800056c                HAL_NVIC_EnableIRQ
 .text.HAL_SYSTICK_Config
                0x0000000008000588       0x2c CMakeFiles/MPU6050_clion.elf.dir/Drivers/STM32F1xx_HAL_Driver/Src/stm32f1xx_hal_cortex.c.obj
                0x0000000008000588                HAL_SYSTICK_Config
 .text.HAL_DMA_Init
                0x00000000080005b4       0x6c CMakeFiles/MPU6050_clion.elf.dir/Drivers/STM32F1xx_HAL_Driver/Src/stm32f1xx_hal_dma.c.obj
                0x00000000080005b4                HAL_DMA_Init
 .text.HAL_DMA_Abort
                0x0000000008000620       0x44 CMakeFiles/MPU6050_clion.elf.dir/Drivers/STM32F1xx_HAL_Driver/Src/stm32f1xx_hal_dma.c.obj
                0x0000000008000620                HAL_DMA_Abort
 .text.HAL_DMA_Abort_IT
                0x0000000008000664       0x98 CMakeFiles/MPU6050_clion.elf.dir/Drivers/STM32F1xx_HAL_Driver/Src/stm32f1xx_hal_dma.c.obj
                0x0000000008000664                HAL_DMA_Abort_IT
 .text.HAL_DMA_IRQHandler
                0x00000000080006fc      0x144 CMakeFiles/MPU6050_clion.elf.dir/Drivers/STM32F1xx_HAL_Driver/Src/stm32f1xx_hal_dma.c.obj
                0x00000000080006fc                HAL_DMA_IRQHandler
 .text.HAL_GPIO_Init
                0x0000000008000840      0x1d8 CMakeFiles/MPU6050_clion.elf.dir/Drivers/STM32F1xx_HAL_Driver/Src/stm32f1xx_hal_gpio.c.obj
                0x0000000008000840                HAL_GPIO_Init
 .text.HAL_GPIO_WritePin
                0x0000000008000a18        0xc CMakeFiles/MPU6050_clion.elf.dir/Drivers/STM32F1xx_HAL_Driver/Src/stm32f1xx_hal_gpio.c.obj
                0x0000000008000a18                HAL_GPIO_WritePin
 .text.RCC_Delay
                0x0000000008000a24       0x2c CMakeFiles/MPU6050_clion.elf.dir/Drivers/STM32F1xx_HAL_Driver/Src/stm32f1xx_hal_rcc.c.obj
 .text.HAL_RCC_OscConfig
                0x0000000008000a50      0x410 CMakeFiles/MPU6050_clion.elf.dir/Drivers/STM32F1xx_HAL_Driver/Src/stm32f1xx_hal_rcc.c.obj
                0x0000000008000a50                HAL_RCC_OscConfig
 .text.HAL_RCC_GetSysClockFreq
                0x0000000008000e60       0x70 CMakeFiles/MPU6050_clion.elf.dir/Drivers/STM32F1xx_HAL_Driver/Src/stm32f1xx_hal_rcc.c.obj
                0x0000000008000e60                HAL_RCC_GetSysClockFreq
 .text.HAL_RCC_ClockConfig
                0x0000000008000ed0      0x168 CMakeFiles/MPU6050_clion.elf.dir/Drivers/STM32F1xx_HAL_Driver/Src/stm32f1xx_hal_rcc.c.obj
                0x0000000008000ed0                HAL_RCC_ClockConfig
 .text.HAL_RCC_GetHCLKFreq
                0x0000000008001038        0xc CMakeFiles/MPU6050_clion.elf.dir/Drivers/STM32F1xx_HAL_Driver/Src/stm32f1xx_hal_rcc.c.obj
                0x0000000008001038                HAL_RCC_GetHCLKFreq
 .text.HAL_RCC_GetPCLK1Freq
                0x0000000008001044       0x20 CMakeFiles/MPU6050_clion.elf.dir/Drivers/STM32F1xx_HAL_Driver/Src/stm32f1xx_hal_rcc.c.obj
                0x0000000008001044                HAL_RCC_GetPCLK1Freq
 .text.HAL_RCC_GetPCLK2Freq
                0x0000000008001064       0x20 CMakeFiles/MPU6050_clion.elf.dir/Drivers/STM32F1xx_HAL_Driver/Src/stm32f1xx_hal_rcc.c.obj
                0x0000000008001064                HAL_RCC_GetPCLK2Freq
 .text.UART_EndRxTransfer
                0x0000000008001084       0x32 CMakeFiles/MPU6050_clion.elf.dir/Drivers/STM32F1xx_HAL_Driver/Src/stm32f1xx_hal_uart.c.obj
 .text.UART_Transmit_IT
                0x00000000080010b6       0x62 CMakeFiles/MPU6050_clion.elf.dir/Drivers/STM32F1xx_HAL_Driver/Src/stm32f1xx_hal_uart.c.obj
 .text.UART_SetConfig
                0x0000000008001118       0x90 CMakeFiles/MPU6050_clion.elf.dir/Drivers/STM32F1xx_HAL_Driver/Src/stm32f1xx_hal_uart.c.obj
 .text.HAL_UART_Init
                0x00000000080011a8       0x5e CMakeFiles/MPU6050_clion.elf.dir/Drivers/STM32F1xx_HAL_Driver/Src/stm32f1xx_hal_uart.c.obj
                0x00000000080011a8                HAL_UART_Init
 .text.HAL_UART_TxCpltCallback
                0x0000000008001206        0x2 CMakeFiles/MPU6050_clion.elf.dir/Drivers/STM32F1xx_HAL_Driver/Src/stm32f1xx_hal_uart.c.obj
                0x0000000008001206                HAL_UART_TxCpltCallback
 .text.UART_EndTransmit_IT
                0x0000000008001208       0x1a CMakeFiles/MPU6050_clion.elf.dir/Drivers/STM32F1xx_HAL_Driver/Src/stm32f1xx_hal_uart.c.obj
 .text.HAL_UART_RxCpltCallback
                0x0000000008001222        0x2 CMakeFiles/MPU6050_clion.elf.dir/Drivers/STM32F1xx_HAL_Driver/Src/stm32f1xx_hal_uart.c.obj
                0x0000000008001222                HAL_UART_RxCpltCallback
 .text.HAL_UART_ErrorCallback
                0x0000000008001224        0x2 CMakeFiles/MPU6050_clion.elf.dir/Drivers/STM32F1xx_HAL_Driver/Src/stm32f1xx_hal_uart.c.obj
                0x0000000008001224                HAL_UART_ErrorCallback
 .text.UART_DMAAbortOnError
                0x0000000008001226       0x10 CMakeFiles/MPU6050_clion.elf.dir/Drivers/STM32F1xx_HAL_Driver/Src/stm32f1xx_hal_uart.c.obj
 .text.HAL_UARTEx_RxEventCallback
                0x0000000008001236        0x2 CMakeFiles/MPU6050_clion.elf.dir/Drivers/STM32F1xx_HAL_Driver/Src/stm32f1xx_hal_uart.c.obj
                0x0000000008001236                HAL_UARTEx_RxEventCallback
 .text.UART_Receive_IT
                0x0000000008001238       0xd4 CMakeFiles/MPU6050_clion.elf.dir/Drivers/STM32F1xx_HAL_Driver/Src/stm32f1xx_hal_uart.c.obj
 .text.HAL_UART_IRQHandler
                0x000000000800130c      0x1f4 CMakeFiles/MPU6050_clion.elf.dir/Drivers/STM32F1xx_HAL_Driver/Src/stm32f1xx_hal_uart.c.obj
                0x000000000800130c                HAL_UART_IRQHandler
 .text.__libc_init_array
                0x0000000008001500       0x48 /home/szy/gcc-arm-none-eabi-7-2017-q4-major/bin/../lib/gcc/arm-none-eabi/7.2.1/../../../../arm-none-eabi/lib/thumb/v7-m/libg.a(lib_a-init.o)
                0x0000000008001500                __libc_init_array
 .text.startup.register_fini
                0x0000000008001548       0x14 /home/szy/gcc-arm-none-eabi-7-2017-q4-major/bin/../lib/gcc/arm-none-eabi/7.2.1/../../../../arm-none-eabi/lib/thumb/v7-m/libg.a(lib_a-__call_atexit.o)
 .text.atexit   0x000000000800155c        0xc /home/szy/gcc-arm-none-eabi-7-2017-q4-major/bin/../lib/gcc/arm-none-eabi/7.2.1/../../../../arm-none-eabi/lib/thumb/v7-m/libg.a(lib_a-atexit.o)
                0x000000000800155c                atexit
 .text.__libc_fini_array
                0x0000000008001568       0x34 /home/szy/gcc-arm-none-eabi-7-2017-q4-major/bin/../lib/gcc/arm-none-eabi/7.2.1/../../../../arm-none-eabi/lib/thumb/v7-m/libg.a(lib_a-fini.o)
                0x0000000008001568                __libc_fini_array
 .text.__retarget_lock_acquire_recursive
                0x000000000800159c        0x4 /home/szy/gcc-arm-none-eabi-7-2017-q4-major/bin/../lib/gcc/arm-none-eabi/7.2.1/../../../../arm-none-eabi/lib/thumb/v7-m/libg.a(lib_a-lock.o)
                0x000000000800159c                __retarget_lock_acquire_recursive
 .text.__retarget_lock_release_recursive
                0x00000000080015a0        0x4 /home/szy/gcc-arm-none-eabi-7-2017-q4-major/bin/../lib/gcc/arm-none-eabi/7.2.1/../../../../arm-none-eabi/lib/thumb/v7-m/libg.a(lib_a-lock.o)
                0x00000000080015a0                __retarget_lock_release_recursive
 .text.__register_exitproc
                0x00000000080015a4       0xc0 /home/szy/gcc-arm-none-eabi-7-2017-q4-major/bin/../lib/gcc/arm-none-eabi/7.2.1/../../../../arm-none-eabi/lib/thumb/v7-m/libg.a(lib_a-__atexit.o)
                0x00000000080015a4                __register_exitproc
 *(.glue_7)
 .glue_7        0x0000000008001664        0x0 linker stubs
 *(.glue_7t)
 .glue_7t       0x0000000008001664        0x0 linker stubs
 *(.eh_frame)
 .eh_frame      0x0000000008001664        0x0 /home/szy/gcc-arm-none-eabi-7-2017-q4-major/bin/../lib/gcc/arm-none-eabi/7.2.1/thumb/v7-m/crtbegin.o
 *(.init)
 .init          0x0000000008001664        0x4 /home/szy/gcc-arm-none-eabi-7-2017-q4-major/bin/../lib/gcc/arm-none-eabi/7.2.1/thumb/v7-m/crti.o
                0x0000000008001664                _init
 .init          0x0000000008001668        0x8 /home/szy/gcc-arm-none-eabi-7-2017-q4-major/bin/../lib/gcc/arm-none-eabi/7.2.1/thumb/v7-m/crtn.o
 *(.fini)
 .fini          0x0000000008001670        0x4 /home/szy/gcc-arm-none-eabi-7-2017-q4-major/bin/../lib/gcc/arm-none-eabi/7.2.1/thumb/v7-m/crti.o
                0x0000000008001670                _fini
 .fini          0x0000000008001674        0x8 /home/szy/gcc-arm-none-eabi-7-2017-q4-major/bin/../lib/gcc/arm-none-eabi/7.2.1/thumb/v7-m/crtn.o
                0x000000000800167c                . = ALIGN (0x4)
                0x000000000800167c                _etext = .

.vfp11_veneer   0x000000000800167c        0x0
 .vfp11_veneer  0x000000000800167c        0x0 linker stubs

.v4_bx          0x000000000800167c        0x0
 .v4_bx         0x000000000800167c        0x0 linker stubs

.iplt           0x000000000800167c        0x0
 .iplt          0x000000000800167c        0x0 /home/szy/gcc-arm-none-eabi-7-2017-q4-major/bin/../lib/gcc/arm-none-eabi/7.2.1/thumb/v7-m/crtbegin.o

.rodata         0x000000000800167c       0x30
                0x000000000800167c                . = ALIGN (0x4)
 *(.rodata)
 .rodata        0x000000000800167c       0x12 CMakeFiles/MPU6050_clion.elf.dir/Drivers/STM32F1xx_HAL_Driver/Src/stm32f1xx_hal_rcc.c.obj
 *(.rodata*)
 *fill*         0x000000000800168e        0x2 
 .rodata.AHBPrescTable
                0x0000000008001690       0x10 CMakeFiles/MPU6050_clion.elf.dir/Core/Src/system_stm32f1xx.c.obj
                0x0000000008001690                AHBPrescTable
 .rodata.APBPrescTable
                0x00000000080016a0        0x8 CMakeFiles/MPU6050_clion.elf.dir/Core/Src/system_stm32f1xx.c.obj
                0x00000000080016a0                APBPrescTable
 .rodata._global_impure_ptr
                0x00000000080016a8        0x4 /home/szy/gcc-arm-none-eabi-7-2017-q4-major/bin/../lib/gcc/arm-none-eabi/7.2.1/../../../../arm-none-eabi/lib/thumb/v7-m/libg.a(lib_a-impure.o)
                0x00000000080016a8                _global_impure_ptr
                0x00000000080016ac                . = ALIGN (0x4)

.rel.dyn        0x00000000080016ac        0x0
 .rel.iplt      0x00000000080016ac        0x0 /home/szy/gcc-arm-none-eabi-7-2017-q4-major/bin/../lib/gcc/arm-none-eabi/7.2.1/thumb/v7-m/crtbegin.o

.ARM.extab      0x00000000080016ac        0x0
                0x00000000080016ac                . = ALIGN (0x4)
 *(.ARM.extab* .gnu.linkonce.armextab.*)
                0x00000000080016ac                . = ALIGN (0x4)

.ARM            0x00000000080016ac        0x0
                0x00000000080016ac                . = ALIGN (0x4)
                0x00000000080016ac                __exidx_start = .
 *(.ARM.exidx*)
                0x00000000080016ac                __exidx_end = .
                0x00000000080016ac                . = ALIGN (0x4)

.preinit_array  0x00000000080016ac        0x0
                0x00000000080016ac                . = ALIGN (0x4)
                0x00000000080016ac                PROVIDE (__preinit_array_start, .)
 *(.preinit_array*)
                0x00000000080016ac                PROVIDE (__preinit_array_end, .)
                0x00000000080016ac                . = ALIGN (0x4)

.init_array     0x00000000080016ac        0x8
                0x00000000080016ac                . = ALIGN (0x4)
                0x00000000080016ac                PROVIDE (__init_array_start, .)
 *(SORT_BY_NAME(.init_array.*))
 .init_array.00000
                0x00000000080016ac        0x4 /home/szy/gcc-arm-none-eabi-7-2017-q4-major/bin/../lib/gcc/arm-none-eabi/7.2.1/../../../../arm-none-eabi/lib/thumb/v7-m/libg.a(lib_a-__call_atexit.o)
 *(.init_array*)
 .init_array    0x00000000080016b0        0x4 /home/szy/gcc-arm-none-eabi-7-2017-q4-major/bin/../lib/gcc/arm-none-eabi/7.2.1/thumb/v7-m/crtbegin.o
                0x00000000080016b4                PROVIDE (__init_array_end, .)
                0x00000000080016b4                . = ALIGN (0x4)

.fini_array     0x00000000080016b4        0x4
                0x00000000080016b4                . = ALIGN (0x4)
                0x00000000080016b4                PROVIDE (__fini_array_start, .)
 *(SORT_BY_NAME(.fini_array.*))
 *(.fini_array*)
 .fini_array    0x00000000080016b4        0x4 /home/szy/gcc-arm-none-eabi-7-2017-q4-major/bin/../lib/gcc/arm-none-eabi/7.2.1/thumb/v7-m/crtbegin.o
                0x00000000080016b8                PROVIDE (__fini_array_end, .)
                0x00000000080016b8                . = ALIGN (0x4)
                0x00000000080016b8                _sidata = LOADADDR (.data)

.data           0x0000000020000000      0x43c load address 0x00000000080016b8
                0x0000000020000000                . = ALIGN (0x4)
                0x0000000020000000                _sdata = .
 *(.data)
 *(.data*)
 .data.SystemCoreClock
                0x0000000020000000        0x4 CMakeFiles/MPU6050_clion.elf.dir/Core/Src/system_stm32f1xx.c.obj
                0x0000000020000000                SystemCoreClock
 .data.uwTickFreq
                0x0000000020000004        0x1 CMakeFiles/MPU6050_clion.elf.dir/Drivers/STM32F1xx_HAL_Driver/Src/stm32f1xx_hal.c.obj
                0x0000000020000004                uwTickFreq
 *fill*         0x0000000020000005        0x3 
 .data.uwTickPrio
                0x0000000020000008        0x4 CMakeFiles/MPU6050_clion.elf.dir/Drivers/STM32F1xx_HAL_Driver/Src/stm32f1xx_hal.c.obj
                0x0000000020000008                uwTickPrio
 *fill*         0x000000002000000c        0x4 
 .data.impure_data
                0x0000000020000010      0x428 /home/szy/gcc-arm-none-eabi-7-2017-q4-major/bin/../lib/gcc/arm-none-eabi/7.2.1/../../../../arm-none-eabi/lib/thumb/v7-m/libg.a(lib_a-impure.o)
 .data.__atexit_recursive_mutex
                0x0000000020000438        0x4 /home/szy/gcc-arm-none-eabi-7-2017-q4-major/bin/../lib/gcc/arm-none-eabi/7.2.1/../../../../arm-none-eabi/lib/thumb/v7-m/libg.a(lib_a-__call_atexit.o)
                0x0000000020000438                __atexit_recursive_mutex
 *(.RamFunc)
 *(.RamFunc*)
                0x000000002000043c                . = ALIGN (0x4)
                0x000000002000043c                _edata = .

.igot.plt       0x000000002000043c        0x0 load address 0x0000000008001af4
 .igot.plt      0x000000002000043c        0x0 /home/szy/gcc-arm-none-eabi-7-2017-q4-major/bin/../lib/gcc/arm-none-eabi/7.2.1/thumb/v7-m/crtbegin.o
                0x000000002000043c                . = ALIGN (0x4)

.bss            0x000000002000043c       0xcc load address 0x0000000008001af4
                0x000000002000043c                _sbss = .
                0x000000002000043c                __bss_start__ = _sbss
 *(.bss)
 .bss           0x000000002000043c       0x1c /home/szy/gcc-arm-none-eabi-7-2017-q4-major/bin/../lib/gcc/arm-none-eabi/7.2.1/thumb/v7-m/crtbegin.o
 *(.bss*)
 .bss.hdma_usart1_tx
                0x0000000020000458       0x44 CMakeFiles/MPU6050_clion.elf.dir/Core/Src/usart.c.obj
                0x0000000020000458                hdma_usart1_tx
 .bss.huart1    0x000000002000049c       0x44 CMakeFiles/MPU6050_clion.elf.dir/Core/Src/usart.c.obj
                0x000000002000049c                huart1
 .bss.uwTick    0x00000000200004e0        0x4 CMakeFiles/MPU6050_clion.elf.dir/Drivers/STM32F1xx_HAL_Driver/Src/stm32f1xx_hal.c.obj
                0x00000000200004e0                uwTick
 *(COMMON)
 COMMON         0x00000000200004e4       0x21 /home/szy/gcc-arm-none-eabi-7-2017-q4-major/bin/../lib/gcc/arm-none-eabi/7.2.1/../../../../arm-none-eabi/lib/thumb/v7-m/libg.a(lib_a-lock.o)
                0x00000000200004e4                __lock___atexit_recursive_mutex
                0x00000000200004e8                __lock___arc4random_mutex
                0x00000000200004ec                __lock___env_recursive_mutex
                0x00000000200004f0                __lock___sinit_recursive_mutex
                0x00000000200004f4                __lock___malloc_recursive_mutex
                0x00000000200004f8                __lock___at_quick_exit_mutex
                0x00000000200004fc                __lock___dd_hash_mutex
                0x0000000020000500                __lock___tz_mutex
                0x0000000020000504                __lock___sfp_recursive_mutex
                0x0000000020000508                . = ALIGN (0x4)
 *fill*         0x0000000020000505        0x3 
                0x0000000020000508                _ebss = .
                0x0000000020000508                __bss_end__ = _ebss

._user_heap_stack
                0x0000000020000508      0x600 load address 0x0000000008001af4
                0x0000000020000508                . = ALIGN (0x8)
                [!provide]                        PROVIDE (end, .)
                0x0000000020000508                PROVIDE (_end, .)
                0x0000000020000708                . = (. + _Min_Heap_Size)
 *fill*         0x0000000020000508      0x200 
                0x0000000020000b08                . = (. + _Min_Stack_Size)
 *fill*         0x0000000020000708      0x400 
                0x0000000020000b08                . = ALIGN (0x8)

/DISCARD/
 libc.a(*)
 libm.a(*)
 libgcc.a(*)

.ARM.attributes
                0x0000000000000000       0x29
 *(.ARM.attributes)
 .ARM.attributes
                0x0000000000000000       0x1d /home/szy/gcc-arm-none-eabi-7-2017-q4-major/bin/../lib/gcc/arm-none-eabi/7.2.1/thumb/v7-m/crti.o
 .ARM.attributes
                0x000000000000001d       0x2d /home/szy/gcc-arm-none-eabi-7-2017-q4-major/bin/../lib/gcc/arm-none-eabi/7.2.1/thumb/v7-m/crtbegin.o
 .ARM.attributes
                0x000000000000004a       0x33 CMakeFiles/MPU6050_clion.elf.dir/Core/Src/dma.c.obj
 .ARM.attributes
                0x000000000000007d       0x33 CMakeFiles/MPU6050_clion.elf.dir/Core/Src/gpio.c.obj
 .ARM.attributes
                0x00000000000000b0       0x33 CMakeFiles/MPU6050_clion.elf.dir/Core/Src/main.c.obj
 .ARM.attributes
                0x00000000000000e3       0x33 CMakeFiles/MPU6050_clion.elf.dir/Core/Src/stm32f1xx_hal_msp.c.obj
 .ARM.attributes
                0x0000000000000116       0x33 CMakeFiles/MPU6050_clion.elf.dir/Core/Src/stm32f1xx_it.c.obj
 .ARM.attributes
                0x0000000000000149       0x33 CMakeFiles/MPU6050_clion.elf.dir/Core/Src/system_stm32f1xx.c.obj
 .ARM.attributes
                0x000000000000017c       0x33 CMakeFiles/MPU6050_clion.elf.dir/Core/Src/usart.c.obj
 .ARM.attributes
                0x00000000000001af       0x21 CMakeFiles/MPU6050_clion.elf.dir/Core/Startup/startup_stm32f103c8tx.s.obj
 .ARM.attributes
                0x00000000000001d0       0x33 CMakeFiles/MPU6050_clion.elf.dir/Drivers/STM32F1xx_HAL_Driver/Src/stm32f1xx_hal.c.obj
 .ARM.attributes
                0x0000000000000203       0x33 CMakeFiles/MPU6050_clion.elf.dir/Drivers/STM32F1xx_HAL_Driver/Src/stm32f1xx_hal_cortex.c.obj
 .ARM.attributes
                0x0000000000000236       0x33 CMakeFiles/MPU6050_clion.elf.dir/Drivers/STM32F1xx_HAL_Driver/Src/stm32f1xx_hal_dma.c.obj
 .ARM.attributes
                0x0000000000000269       0x33 CMakeFiles/MPU6050_clion.elf.dir/Drivers/STM32F1xx_HAL_Driver/Src/stm32f1xx_hal_gpio.c.obj
 .ARM.attributes
                0x000000000000029c       0x33 CMakeFiles/MPU6050_clion.elf.dir/Drivers/STM32F1xx_HAL_Driver/Src/stm32f1xx_hal_rcc.c.obj
 .ARM.attributes
                0x00000000000002cf       0x33 CMakeFiles/MPU6050_clion.elf.dir/Drivers/STM32F1xx_HAL_Driver/Src/stm32f1xx_hal_uart.c.obj
 .ARM.attributes
                0x0000000000000302       0x2d /home/szy/gcc-arm-none-eabi-7-2017-q4-major/bin/../lib/gcc/arm-none-eabi/7.2.1/../../../../arm-none-eabi/lib/thumb/v7-m/libg.a(lib_a-impure.o)
 .ARM.attributes
                0x000000000000032f       0x2d /home/szy/gcc-arm-none-eabi-7-2017-q4-major/bin/../lib/gcc/arm-none-eabi/7.2.1/../../../../arm-none-eabi/lib/thumb/v7-m/libg.a(lib_a-init.o)
 .ARM.attributes
                0x000000000000035c       0x2d /home/szy/gcc-arm-none-eabi-7-2017-q4-major/bin/../lib/gcc/arm-none-eabi/7.2.1/../../../../arm-none-eabi/lib/thumb/v7-m/libg.a(lib_a-__call_atexit.o)
 .ARM.attributes
                0x0000000000000389       0x2d /home/szy/gcc-arm-none-eabi-7-2017-q4-major/bin/../lib/gcc/arm-none-eabi/7.2.1/../../../../arm-none-eabi/lib/thumb/v7-m/libg.a(lib_a-atexit.o)
 .ARM.attributes
                0x00000000000003b6       0x2d /home/szy/gcc-arm-none-eabi-7-2017-q4-major/bin/../lib/gcc/arm-none-eabi/7.2.1/../../../../arm-none-eabi/lib/thumb/v7-m/libg.a(lib_a-fini.o)
 .ARM.attributes
                0x00000000000003e3       0x2d /home/szy/gcc-arm-none-eabi-7-2017-q4-major/bin/../lib/gcc/arm-none-eabi/7.2.1/../../../../arm-none-eabi/lib/thumb/v7-m/libg.a(lib_a-lock.o)
 .ARM.attributes
                0x0000000000000410       0x2d /home/szy/gcc-arm-none-eabi-7-2017-q4-major/bin/../lib/gcc/arm-none-eabi/7.2.1/../../../../arm-none-eabi/lib/thumb/v7-m/libg.a(lib_a-__atexit.o)
 .ARM.attributes
                0x000000000000043d       0x1d /home/szy/gcc-arm-none-eabi-7-2017-q4-major/bin/../lib/gcc/arm-none-eabi/7.2.1/thumb/v7-m/crtn.o
OUTPUT(MPU6050_clion.elf elf32-littlearm)

.debug_info     0x0000000000000000     0x6dc1
 .debug_info    0x0000000000000000      0x3c0 CMakeFiles/MPU6050_clion.elf.dir/Core/Src/dma.c.obj
 .debug_info    0x00000000000003c0      0x3ca CMakeFiles/MPU6050_clion.elf.dir/Core/Src/gpio.c.obj
 .debug_info    0x000000000000078a      0x7fb CMakeFiles/MPU6050_clion.elf.dir/Core/Src/main.c.obj
 .debug_info    0x0000000000000f85      0x2d1 CMakeFiles/MPU6050_clion.elf.dir/Core/Src/stm32f1xx_hal_msp.c.obj
 .debug_info    0x0000000000001256      0x6bf CMakeFiles/MPU6050_clion.elf.dir/Core/Src/stm32f1xx_it.c.obj
 .debug_info    0x0000000000001915      0x299 CMakeFiles/MPU6050_clion.elf.dir/Core/Src/system_stm32f1xx.c.obj
 .debug_info    0x0000000000001bae      0xa75 CMakeFiles/MPU6050_clion.elf.dir/Core/Src/usart.c.obj
 .debug_info    0x0000000000002623       0x22 CMakeFiles/MPU6050_clion.elf.dir/Core/Startup/startup_stm32f103c8tx.s.obj
 .debug_info    0x0000000000002645      0x7bc CMakeFiles/MPU6050_clion.elf.dir/Drivers/STM32F1xx_HAL_Driver/Src/stm32f1xx_hal.c.obj
 .debug_info    0x0000000000002e01      0xcb1 CMakeFiles/MPU6050_clion.elf.dir/Drivers/STM32F1xx_HAL_Driver/Src/stm32f1xx_hal_cortex.c.obj
 .debug_info    0x0000000000003ab2      0x842 CMakeFiles/MPU6050_clion.elf.dir/Drivers/STM32F1xx_HAL_Driver/Src/stm32f1xx_hal_dma.c.obj
 .debug_info    0x00000000000042f4      0x6a7 CMakeFiles/MPU6050_clion.elf.dir/Drivers/STM32F1xx_HAL_Driver/Src/stm32f1xx_hal_gpio.c.obj
 .debug_info    0x000000000000499b      0x9eb CMakeFiles/MPU6050_clion.elf.dir/Drivers/STM32F1xx_HAL_Driver/Src/stm32f1xx_hal_rcc.c.obj
 .debug_info    0x0000000000005386     0x1a3b CMakeFiles/MPU6050_clion.elf.dir/Drivers/STM32F1xx_HAL_Driver/Src/stm32f1xx_hal_uart.c.obj

.debug_abbrev   0x0000000000000000     0x17a5
 .debug_abbrev  0x0000000000000000      0x13d CMakeFiles/MPU6050_clion.elf.dir/Core/Src/dma.c.obj
 .debug_abbrev  0x000000000000013d      0x15f CMakeFiles/MPU6050_clion.elf.dir/Core/Src/gpio.c.obj
 .debug_abbrev  0x000000000000029c      0x1bf CMakeFiles/MPU6050_clion.elf.dir/Core/Src/main.c.obj
 .debug_abbrev  0x000000000000045b      0x106 CMakeFiles/MPU6050_clion.elf.dir/Core/Src/stm32f1xx_hal_msp.c.obj
 .debug_abbrev  0x0000000000000561      0x164 CMakeFiles/MPU6050_clion.elf.dir/Core/Src/stm32f1xx_it.c.obj
 .debug_abbrev  0x00000000000006c5      0x131 CMakeFiles/MPU6050_clion.elf.dir/Core/Src/system_stm32f1xx.c.obj
 .debug_abbrev  0x00000000000007f6      0x1e0 CMakeFiles/MPU6050_clion.elf.dir/Core/Src/usart.c.obj
 .debug_abbrev  0x00000000000009d6       0x12 CMakeFiles/MPU6050_clion.elf.dir/Core/Startup/startup_stm32f103c8tx.s.obj
 .debug_abbrev  0x00000000000009e8      0x1ea CMakeFiles/MPU6050_clion.elf.dir/Drivers/STM32F1xx_HAL_Driver/Src/stm32f1xx_hal.c.obj
 .debug_abbrev  0x0000000000000bd2      0x300 CMakeFiles/MPU6050_clion.elf.dir/Drivers/STM32F1xx_HAL_Driver/Src/stm32f1xx_hal_cortex.c.obj
 .debug_abbrev  0x0000000000000ed2      0x239 CMakeFiles/MPU6050_clion.elf.dir/Drivers/STM32F1xx_HAL_Driver/Src/stm32f1xx_hal_dma.c.obj
 .debug_abbrev  0x000000000000110b      0x1db CMakeFiles/MPU6050_clion.elf.dir/Drivers/STM32F1xx_HAL_Driver/Src/stm32f1xx_hal_gpio.c.obj
 .debug_abbrev  0x00000000000012e6      0x254 CMakeFiles/MPU6050_clion.elf.dir/Drivers/STM32F1xx_HAL_Driver/Src/stm32f1xx_hal_rcc.c.obj
 .debug_abbrev  0x000000000000153a      0x26b CMakeFiles/MPU6050_clion.elf.dir/Drivers/STM32F1xx_HAL_Driver/Src/stm32f1xx_hal_uart.c.obj

.debug_aranges  0x0000000000000000      0x658
 .debug_aranges
                0x0000000000000000       0x20 CMakeFiles/MPU6050_clion.elf.dir/Core/Src/dma.c.obj
 .debug_aranges
                0x0000000000000020       0x20 CMakeFiles/MPU6050_clion.elf.dir/Core/Src/gpio.c.obj
 .debug_aranges
                0x0000000000000040       0x30 CMakeFiles/MPU6050_clion.elf.dir/Core/Src/main.c.obj
 .debug_aranges
                0x0000000000000070       0x20 CMakeFiles/MPU6050_clion.elf.dir/Core/Src/stm32f1xx_hal_msp.c.obj
 .debug_aranges
                0x0000000000000090       0x70 CMakeFiles/MPU6050_clion.elf.dir/Core/Src/stm32f1xx_it.c.obj
 .debug_aranges
                0x0000000000000100       0x28 CMakeFiles/MPU6050_clion.elf.dir/Core/Src/system_stm32f1xx.c.obj
 .debug_aranges
                0x0000000000000128       0x30 CMakeFiles/MPU6050_clion.elf.dir/Core/Src/usart.c.obj
 .debug_aranges
                0x0000000000000158       0x28 CMakeFiles/MPU6050_clion.elf.dir/Core/Startup/startup_stm32f103c8tx.s.obj
 .debug_aranges
                0x0000000000000180       0xe0 CMakeFiles/MPU6050_clion.elf.dir/Drivers/STM32F1xx_HAL_Driver/Src/stm32f1xx_hal.c.obj
 .debug_aranges
                0x0000000000000260       0x90 CMakeFiles/MPU6050_clion.elf.dir/Drivers/STM32F1xx_HAL_Driver/Src/stm32f1xx_hal_cortex.c.obj
 .debug_aranges
                0x00000000000002f0       0x80 CMakeFiles/MPU6050_clion.elf.dir/Drivers/STM32F1xx_HAL_Driver/Src/stm32f1xx_hal_dma.c.obj
 .debug_aranges
                0x0000000000000370       0x58 CMakeFiles/MPU6050_clion.elf.dir/Drivers/STM32F1xx_HAL_Driver/Src/stm32f1xx_hal_gpio.c.obj
 .debug_aranges
                0x00000000000003c8       0x90 CMakeFiles/MPU6050_clion.elf.dir/Drivers/STM32F1xx_HAL_Driver/Src/stm32f1xx_hal_rcc.c.obj
 .debug_aranges
                0x0000000000000458      0x200 CMakeFiles/MPU6050_clion.elf.dir/Drivers/STM32F1xx_HAL_Driver/Src/stm32f1xx_hal_uart.c.obj

.debug_ranges   0x0000000000000000      0x600
 .debug_ranges  0x0000000000000000       0x10 CMakeFiles/MPU6050_clion.elf.dir/Core/Src/dma.c.obj
 .debug_ranges  0x0000000000000010       0x10 CMakeFiles/MPU6050_clion.elf.dir/Core/Src/gpio.c.obj
 .debug_ranges  0x0000000000000020       0x20 CMakeFiles/MPU6050_clion.elf.dir/Core/Src/main.c.obj
 .debug_ranges  0x0000000000000040       0x10 CMakeFiles/MPU6050_clion.elf.dir/Core/Src/stm32f1xx_hal_msp.c.obj
 .debug_ranges  0x0000000000000050       0x60 CMakeFiles/MPU6050_clion.elf.dir/Core/Src/stm32f1xx_it.c.obj
 .debug_ranges  0x00000000000000b0       0x18 CMakeFiles/MPU6050_clion.elf.dir/Core/Src/system_stm32f1xx.c.obj
 .debug_ranges  0x00000000000000c8       0x20 CMakeFiles/MPU6050_clion.elf.dir/Core/Src/usart.c.obj
 .debug_ranges  0x00000000000000e8       0x20 CMakeFiles/MPU6050_clion.elf.dir/Core/Startup/startup_stm32f103c8tx.s.obj
 .debug_ranges  0x0000000000000108       0xd0 CMakeFiles/MPU6050_clion.elf.dir/Drivers/STM32F1xx_HAL_Driver/Src/stm32f1xx_hal.c.obj
 .debug_ranges  0x00000000000001d8       0xe0 CMakeFiles/MPU6050_clion.elf.dir/Drivers/STM32F1xx_HAL_Driver/Src/stm32f1xx_hal_cortex.c.obj
 .debug_ranges  0x00000000000002b8       0x70 CMakeFiles/MPU6050_clion.elf.dir/Drivers/STM32F1xx_HAL_Driver/Src/stm32f1xx_hal_dma.c.obj
 .debug_ranges  0x0000000000000328       0x48 CMakeFiles/MPU6050_clion.elf.dir/Drivers/STM32F1xx_HAL_Driver/Src/stm32f1xx_hal_gpio.c.obj
 .debug_ranges  0x0000000000000370       0xa0 CMakeFiles/MPU6050_clion.elf.dir/Drivers/STM32F1xx_HAL_Driver/Src/stm32f1xx_hal_rcc.c.obj
 .debug_ranges  0x0000000000000410      0x1f0 CMakeFiles/MPU6050_clion.elf.dir/Drivers/STM32F1xx_HAL_Driver/Src/stm32f1xx_hal_uart.c.obj

.debug_line     0x0000000000000000     0x3c15
 .debug_line    0x0000000000000000      0x27e CMakeFiles/MPU6050_clion.elf.dir/Core/Src/dma.c.obj
 .debug_line    0x000000000000027e      0x285 CMakeFiles/MPU6050_clion.elf.dir/Core/Src/gpio.c.obj
 .debug_line    0x0000000000000503      0x381 CMakeFiles/MPU6050_clion.elf.dir/Core/Src/main.c.obj
 .debug_line    0x0000000000000884      0x273 CMakeFiles/MPU6050_clion.elf.dir/Core/Src/stm32f1xx_hal_msp.c.obj
 .debug_line    0x0000000000000af7      0x359 CMakeFiles/MPU6050_clion.elf.dir/Core/Src/stm32f1xx_it.c.obj
 .debug_line    0x0000000000000e50      0x2b5 CMakeFiles/MPU6050_clion.elf.dir/Core/Src/system_stm32f1xx.c.obj
 .debug_line    0x0000000000001105      0x381 CMakeFiles/MPU6050_clion.elf.dir/Core/Src/usart.c.obj
 .debug_line    0x0000000000001486       0xb6 CMakeFiles/MPU6050_clion.elf.dir/Core/Startup/startup_stm32f103c8tx.s.obj
 .debug_line    0x000000000000153c      0x481 CMakeFiles/MPU6050_clion.elf.dir/Drivers/STM32F1xx_HAL_Driver/Src/stm32f1xx_hal.c.obj
 .debug_line    0x00000000000019bd      0x46e CMakeFiles/MPU6050_clion.elf.dir/Drivers/STM32F1xx_HAL_Driver/Src/stm32f1xx_hal_cortex.c.obj
 .debug_line    0x0000000000001e2b      0x638 CMakeFiles/MPU6050_clion.elf.dir/Drivers/STM32F1xx_HAL_Driver/Src/stm32f1xx_hal_dma.c.obj
 .debug_line    0x0000000000002463      0x450 CMakeFiles/MPU6050_clion.elf.dir/Drivers/STM32F1xx_HAL_Driver/Src/stm32f1xx_hal_gpio.c.obj
 .debug_line    0x00000000000028b3      0x5c9 CMakeFiles/MPU6050_clion.elf.dir/Drivers/STM32F1xx_HAL_Driver/Src/stm32f1xx_hal_rcc.c.obj
 .debug_line    0x0000000000002e7c      0xd99 CMakeFiles/MPU6050_clion.elf.dir/Drivers/STM32F1xx_HAL_Driver/Src/stm32f1xx_hal_uart.c.obj

.debug_str      0x0000000000000000     0x21be
 .debug_str     0x0000000000000000      0x5d4 CMakeFiles/MPU6050_clion.elf.dir/Core/Src/dma.c.obj
                                        0x621 (size before relaxing)
 .debug_str     0x00000000000005d4       0xd9 CMakeFiles/MPU6050_clion.elf.dir/Core/Src/gpio.c.obj
                                        0x3be (size before relaxing)
 .debug_str     0x00000000000006ad      0x564 CMakeFiles/MPU6050_clion.elf.dir/Core/Src/main.c.obj
                                        0x860 (size before relaxing)
 .debug_str     0x0000000000000c11       0x89 CMakeFiles/MPU6050_clion.elf.dir/Core/Src/stm32f1xx_hal_msp.c.obj
                                        0x360 (size before relaxing)
 .debug_str     0x0000000000000c9a      0x147 CMakeFiles/MPU6050_clion.elf.dir/Core/Src/stm32f1xx_it.c.obj
                                        0x79f (size before relaxing)
 .debug_str     0x0000000000000de1       0x81 CMakeFiles/MPU6050_clion.elf.dir/Core/Src/system_stm32f1xx.c.obj
                                        0x357 (size before relaxing)
 .debug_str     0x0000000000000e62       0xc0 CMakeFiles/MPU6050_clion.elf.dir/Core/Src/usart.c.obj
                                        0xb03 (size before relaxing)
 .debug_str     0x0000000000000f22       0x66 CMakeFiles/MPU6050_clion.elf.dir/Core/Startup/startup_stm32f103c8tx.s.obj
                                         0xaa (size before relaxing)
 .debug_str     0x0000000000000f88      0x2bc CMakeFiles/MPU6050_clion.elf.dir/Drivers/STM32F1xx_HAL_Driver/Src/stm32f1xx_hal.c.obj
                                        0x8d4 (size before relaxing)
 .debug_str     0x0000000000001244      0x3c3 CMakeFiles/MPU6050_clion.elf.dir/Drivers/STM32F1xx_HAL_Driver/Src/stm32f1xx_hal_cortex.c.obj
                                        0x9f0 (size before relaxing)
 .debug_str     0x0000000000001607      0x244 CMakeFiles/MPU6050_clion.elf.dir/Drivers/STM32F1xx_HAL_Driver/Src/stm32f1xx_hal_dma.c.obj
                                        0x73e (size before relaxing)
 .debug_str     0x000000000000184b      0x144 CMakeFiles/MPU6050_clion.elf.dir/Drivers/STM32F1xx_HAL_Driver/Src/stm32f1xx_hal_gpio.c.obj
                                        0x541 (size before relaxing)
 .debug_str     0x000000000000198f      0x223 CMakeFiles/MPU6050_clion.elf.dir/Drivers/STM32F1xx_HAL_Driver/Src/stm32f1xx_hal_rcc.c.obj
                                        0x723 (size before relaxing)
 .debug_str     0x0000000000001bb2      0x60c CMakeFiles/MPU6050_clion.elf.dir/Drivers/STM32F1xx_HAL_Driver/Src/stm32f1xx_hal_uart.c.obj
                                        0xdbd (size before relaxing)

.comment        0x0000000000000000       0x7e
 .comment       0x0000000000000000       0x7e CMakeFiles/MPU6050_clion.elf.dir/Core/Src/dma.c.obj
                                         0x7f (size before relaxing)
 .comment       0x000000000000007e       0x7f CMakeFiles/MPU6050_clion.elf.dir/Core/Src/gpio.c.obj
 .comment       0x000000000000007e       0x7f CMakeFiles/MPU6050_clion.elf.dir/Core/Src/main.c.obj
 .comment       0x000000000000007e       0x7f CMakeFiles/MPU6050_clion.elf.dir/Core/Src/stm32f1xx_hal_msp.c.obj
 .comment       0x000000000000007e       0x7f CMakeFiles/MPU6050_clion.elf.dir/Core/Src/stm32f1xx_it.c.obj
 .comment       0x000000000000007e       0x7f CMakeFiles/MPU6050_clion.elf.dir/Core/Src/system_stm32f1xx.c.obj
 .comment       0x000000000000007e       0x7f CMakeFiles/MPU6050_clion.elf.dir/Core/Src/usart.c.obj
 .comment       0x000000000000007e       0x7f CMakeFiles/MPU6050_clion.elf.dir/Drivers/STM32F1xx_HAL_Driver/Src/stm32f1xx_hal.c.obj
 .comment       0x000000000000007e       0x7f CMakeFiles/MPU6050_clion.elf.dir/Drivers/STM32F1xx_HAL_Driver/Src/stm32f1xx_hal_cortex.c.obj
 .comment       0x000000000000007e       0x7f CMakeFiles/MPU6050_clion.elf.dir/Drivers/STM32F1xx_HAL_Driver/Src/stm32f1xx_hal_dma.c.obj
 .comment       0x000000000000007e       0x7f CMakeFiles/MPU6050_clion.elf.dir/Drivers/STM32F1xx_HAL_Driver/Src/stm32f1xx_hal_gpio.c.obj
 .comment       0x000000000000007e       0x7f CMakeFiles/MPU6050_clion.elf.dir/Drivers/STM32F1xx_HAL_Driver/Src/stm32f1xx_hal_rcc.c.obj
 .comment       0x000000000000007e       0x7f CMakeFiles/MPU6050_clion.elf.dir/Drivers/STM32F1xx_HAL_Driver/Src/stm32f1xx_hal_uart.c.obj

.debug_frame    0x0000000000000000     0x1084
 .debug_frame   0x0000000000000000       0x2c CMakeFiles/MPU6050_clion.elf.dir/Core/Src/dma.c.obj
 .debug_frame   0x000000000000002c       0x30 CMakeFiles/MPU6050_clion.elf.dir/Core/Src/gpio.c.obj
 .debug_frame   0x000000000000005c       0x58 CMakeFiles/MPU6050_clion.elf.dir/Core/Src/main.c.obj
 .debug_frame   0x00000000000000b4       0x28 CMakeFiles/MPU6050_clion.elf.dir/Core/Src/stm32f1xx_hal_msp.c.obj
 .debug_frame   0x00000000000000dc       0xd8 CMakeFiles/MPU6050_clion.elf.dir/Core/Src/stm32f1xx_it.c.obj
 .debug_frame   0x00000000000001b4       0x30 CMakeFiles/MPU6050_clion.elf.dir/Core/Src/system_stm32f1xx.c.obj
 .debug_frame   0x00000000000001e4       0x64 CMakeFiles/MPU6050_clion.elf.dir/Core/Src/usart.c.obj
 .debug_frame   0x0000000000000248      0x1cc CMakeFiles/MPU6050_clion.elf.dir/Drivers/STM32F1xx_HAL_Driver/Src/stm32f1xx_hal.c.obj
 .debug_frame   0x0000000000000414      0x12c CMakeFiles/MPU6050_clion.elf.dir/Drivers/STM32F1xx_HAL_Driver/Src/stm32f1xx_hal_cortex.c.obj
 .debug_frame   0x0000000000000540      0x148 CMakeFiles/MPU6050_clion.elf.dir/Drivers/STM32F1xx_HAL_Driver/Src/stm32f1xx_hal_dma.c.obj
 .debug_frame   0x0000000000000688       0xe8 CMakeFiles/MPU6050_clion.elf.dir/Drivers/STM32F1xx_HAL_Driver/Src/stm32f1xx_hal_gpio.c.obj
 .debug_frame   0x0000000000000770      0x198 CMakeFiles/MPU6050_clion.elf.dir/Drivers/STM32F1xx_HAL_Driver/Src/stm32f1xx_hal_rcc.c.obj
 .debug_frame   0x0000000000000908      0x5bc CMakeFiles/MPU6050_clion.elf.dir/Drivers/STM32F1xx_HAL_Driver/Src/stm32f1xx_hal_uart.c.obj
 .debug_frame   0x0000000000000ec4       0x2c /home/szy/gcc-arm-none-eabi-7-2017-q4-major/bin/../lib/gcc/arm-none-eabi/7.2.1/../../../../arm-none-eabi/lib/thumb/v7-m/libg.a(lib_a-init.o)
 .debug_frame   0x0000000000000ef0       0x5c /home/szy/gcc-arm-none-eabi-7-2017-q4-major/bin/../lib/gcc/arm-none-eabi/7.2.1/../../../../arm-none-eabi/lib/thumb/v7-m/libg.a(lib_a-__call_atexit.o)
 .debug_frame   0x0000000000000f4c       0x20 /home/szy/gcc-arm-none-eabi-7-2017-q4-major/bin/../lib/gcc/arm-none-eabi/7.2.1/../../../../arm-none-eabi/lib/thumb/v7-m/libg.a(lib_a-atexit.o)
 .debug_frame   0x0000000000000f6c       0x34 /home/szy/gcc-arm-none-eabi-7-2017-q4-major/bin/../lib/gcc/arm-none-eabi/7.2.1/../../../../arm-none-eabi/lib/thumb/v7-m/libg.a(lib_a-fini.o)
 .debug_frame   0x0000000000000fa0       0xb0 /home/szy/gcc-arm-none-eabi-7-2017-q4-major/bin/../lib/gcc/arm-none-eabi/7.2.1/../../../../arm-none-eabi/lib/thumb/v7-m/libg.a(lib_a-lock.o)
 .debug_frame   0x0000000000001050       0x34 /home/szy/gcc-arm-none-eabi-7-2017-q4-major/bin/../lib/gcc/arm-none-eabi/7.2.1/../../../../arm-none-eabi/lib/thumb/v7-m/libg.a(lib_a-__atexit.o)

.debug_loc      0x0000000000000000     0x3316
 .debug_loc     0x0000000000000000       0xdf CMakeFiles/MPU6050_clion.elf.dir/Core/Src/system_stm32f1xx.c.obj
 .debug_loc     0x00000000000000df       0x63 CMakeFiles/MPU6050_clion.elf.dir/Core/Src/usart.c.obj
 .debug_loc     0x0000000000000142      0x11b CMakeFiles/MPU6050_clion.elf.dir/Drivers/STM32F1xx_HAL_Driver/Src/stm32f1xx_hal.c.obj
 .debug_loc     0x000000000000025d      0x5ad CMakeFiles/MPU6050_clion.elf.dir/Drivers/STM32F1xx_HAL_Driver/Src/stm32f1xx_hal_cortex.c.obj
 .debug_loc     0x000000000000080a      0x7c6 CMakeFiles/MPU6050_clion.elf.dir/Drivers/STM32F1xx_HAL_Driver/Src/stm32f1xx_hal_dma.c.obj
 .debug_loc     0x0000000000000fd0      0x3d8 CMakeFiles/MPU6050_clion.elf.dir/Drivers/STM32F1xx_HAL_Driver/Src/stm32f1xx_hal_gpio.c.obj
 .debug_loc     0x00000000000013a8      0x4bb CMakeFiles/MPU6050_clion.elf.dir/Drivers/STM32F1xx_HAL_Driver/Src/stm32f1xx_hal_rcc.c.obj
 .debug_loc     0x0000000000001863     0x1ab3 CMakeFiles/MPU6050_clion.elf.dir/Drivers/STM32F1xx_HAL_Driver/Src/stm32f1xx_hal_uart.c.obj
