Archive member included to satisfy reference by file (symbol)

/home/szy/gcc-arm-none-eabi-7-2017-q4-major/bin/../lib/gcc/arm-none-eabi/7.2.1/thumb/v7-m/libgcc.a(_arm_addsubdf3.o)
                              CMakeFiles/MPU6050_clion.elf.dir/MPU6050/mpu6050.c.obj (__aeabi_dadd)
/home/szy/gcc-arm-none-eabi-7-2017-q4-major/bin/../lib/gcc/arm-none-eabi/7.2.1/thumb/v7-m/libgcc.a(_arm_muldivdf3.o)
                              CMakeFiles/MPU6050_clion.elf.dir/MPU6050/eMPL/inv_mpu.c.obj (__aeabi_dmul)
/home/szy/gcc-arm-none-eabi-7-2017-q4-major/bin/../lib/gcc/arm-none-eabi/7.2.1/thumb/v7-m/libgcc.a(_arm_truncdfsf2.o)
                              CMakeFiles/MPU6050_clion.elf.dir/MPU6050/eMPL/inv_mpu.c.obj (__aeabi_d2f)
/home/szy/gcc-arm-none-eabi-7-2017-q4-major/bin/../lib/gcc/arm-none-eabi/7.2.1/thumb/v7-m/libgcc.a(_arm_addsubsf3.o)
                              CMakeFiles/MPU6050_clion.elf.dir/MPU6050/eMPL/inv_mpu.c.obj (__aeabi_fsub)
/home/szy/gcc-arm-none-eabi-7-2017-q4-major/bin/../lib/gcc/arm-none-eabi/7.2.1/thumb/v7-m/libgcc.a(_arm_muldivsf3.o)
                              CMakeFiles/MPU6050_clion.elf.dir/MPU6050/eMPL/inv_mpu.c.obj (__aeabi_fmul)
/home/szy/gcc-arm-none-eabi-7-2017-q4-major/bin/../lib/gcc/arm-none-eabi/7.2.1/thumb/v7-m/libgcc.a(_arm_cmpsf2.o)
                              CMakeFiles/MPU6050_clion.elf.dir/MPU6050/eMPL/inv_mpu.c.obj (__aeabi_fcmpeq)
/home/szy/gcc-arm-none-eabi-7-2017-q4-major/bin/../lib/gcc/arm-none-eabi/7.2.1/thumb/v7-m/libgcc.a(_arm_fixsfsi.o)
                              CMakeFiles/MPU6050_clion.elf.dir/MPU6050/eMPL/inv_mpu.c.obj (__aeabi_f2iz)
/home/szy/gcc-arm-none-eabi-7-2017-q4-major/bin/../lib/gcc/arm-none-eabi/7.2.1/thumb/v7-m/libgcc.a(_arm_fixunssfsi.o)
                              CMakeFiles/MPU6050_clion.elf.dir/MPU6050/eMPL/inv_mpu_dmp_motion_driver.c.obj (__aeabi_f2uiz)
/home/szy/gcc-arm-none-eabi-7-2017-q4-major/bin/../lib/gcc/arm-none-eabi/7.2.1/thumb/v7-m/libgcc.a(_aeabi_ldivmod.o)
                              CMakeFiles/MPU6050_clion.elf.dir/MPU6050/eMPL/inv_mpu.c.obj (__aeabi_ldivmod)
/home/szy/gcc-arm-none-eabi-7-2017-q4-major/bin/../lib/gcc/arm-none-eabi/7.2.1/thumb/v7-m/libgcc.a(_udivmoddi4.o)
                              /home/szy/gcc-arm-none-eabi-7-2017-q4-major/bin/../lib/gcc/arm-none-eabi/7.2.1/thumb/v7-m/libgcc.a(_aeabi_ldivmod.o) (__udivmoddi4)
/home/szy/gcc-arm-none-eabi-7-2017-q4-major/bin/../lib/gcc/arm-none-eabi/7.2.1/thumb/v7-m/libgcc.a(_dvmd_tls.o)
                              /home/szy/gcc-arm-none-eabi-7-2017-q4-major/bin/../lib/gcc/arm-none-eabi/7.2.1/thumb/v7-m/libgcc.a(_aeabi_ldivmod.o) (__aeabi_ldiv0)
/home/szy/gcc-arm-none-eabi-7-2017-q4-major/bin/../lib/gcc/arm-none-eabi/7.2.1/../../../../arm-none-eabi/lib/thumb/v7-m/libg.a(lib_a-errno.o)
                              CMakeFiles/MPU6050_clion.elf.dir/Core/Src/syscalls.c.obj (__errno)
/home/szy/gcc-arm-none-eabi-7-2017-q4-major/bin/../lib/gcc/arm-none-eabi/7.2.1/../../../../arm-none-eabi/lib/thumb/v7-m/libg.a(lib_a-exit.o)
                              /home/szy/gcc-arm-none-eabi-7-2017-q4-major/bin/../lib/gcc/arm-none-eabi/7.2.1/../../../../arm-none-eabi/lib/thumb/v7-m/crt0.o (exit)
/home/szy/gcc-arm-none-eabi-7-2017-q4-major/bin/../lib/gcc/arm-none-eabi/7.2.1/../../../../arm-none-eabi/lib/thumb/v7-m/libg.a(lib_a-impure.o)
                              /home/szy/gcc-arm-none-eabi-7-2017-q4-major/bin/../lib/gcc/arm-none-eabi/7.2.1/../../../../arm-none-eabi/lib/thumb/v7-m/libg.a(lib_a-exit.o) (_global_impure_ptr)
/home/szy/gcc-arm-none-eabi-7-2017-q4-major/bin/../lib/gcc/arm-none-eabi/7.2.1/../../../../arm-none-eabi/lib/thumb/v7-m/libg.a(lib_a-init.o)
                              /home/szy/gcc-arm-none-eabi-7-2017-q4-major/bin/../lib/gcc/arm-none-eabi/7.2.1/../../../../arm-none-eabi/lib/thumb/v7-m/crt0.o (__libc_init_array)
/home/szy/gcc-arm-none-eabi-7-2017-q4-major/bin/../lib/gcc/arm-none-eabi/7.2.1/../../../../arm-none-eabi/lib/thumb/v7-m/libg.a(lib_a-memset.o)
                              /home/szy/gcc-arm-none-eabi-7-2017-q4-major/bin/../lib/gcc/arm-none-eabi/7.2.1/../../../../arm-none-eabi/lib/thumb/v7-m/crt0.o (memset)
/home/szy/gcc-arm-none-eabi-7-2017-q4-major/bin/../lib/gcc/arm-none-eabi/7.2.1/../../../../arm-none-eabi/lib/thumb/v7-m/libg.a(lib_a-printf.o)
                              CMakeFiles/MPU6050_clion.elf.dir/MPU6050/eMPL/inv_mpu.c.obj (printf)
/home/szy/gcc-arm-none-eabi-7-2017-q4-major/bin/../lib/gcc/arm-none-eabi/7.2.1/../../../../arm-none-eabi/lib/thumb/v7-m/libg.a(lib_a-puts.o)
                              CMakeFiles/MPU6050_clion.elf.dir/MPU6050/eMPL/inv_mpu.c.obj (puts)
/home/szy/gcc-arm-none-eabi-7-2017-q4-major/bin/../lib/gcc/arm-none-eabi/7.2.1/../../../../arm-none-eabi/lib/thumb/v7-m/libg.a(lib_a-strlen-stub.o)
                              /home/szy/gcc-arm-none-eabi-7-2017-q4-major/bin/../lib/gcc/arm-none-eabi/7.2.1/../../../../arm-none-eabi/lib/thumb/v7-m/libg.a(lib_a-puts.o) (strlen)
[...]
Memory Configuration

Name             Origin             Length             Attributes
RAM              0x0000000020000000 0x0000000000005000 xrw
FLASH            0x0000000008000000 0x0000000000010000 xr
*default*        0x0000000000000000 0xffffffffffffffff

Linker script and memory map

LOAD /home/szy/gcc-arm-none-eabi-7-2017-q4-major/bin/../lib/gcc/arm-none-eabi/7.2.1/thumb/v7-m/crti.o
LOAD /home/szy/gcc-arm-none-eabi-7-2017-q4-major/bin/../lib/gcc/arm-none-eabi/7.2.1/thumb/v7-m/crtbegin.o
LOAD /home/szy/gcc-arm-none-eabi-7-2017-q4-major/bin/../lib/gcc/arm-none-eabi/7.2.1/../../../../arm-none-eabi/lib/thumb/v7-m/crt0.o
LOAD CMakeFiles/MPU6050_clion.elf.dir/Core/Src/dma.c.obj
LOAD CMakeFiles/MPU6050_clion.elf.dir/Core/Src/gpio.c.obj
LOAD CMakeFiles/MPU6050_clion.elf.dir/Core/Src/main.c.obj
LOAD CMakeFiles/MPU6050_clion.elf.dir/Core/Src/stm32f1xx_hal_msp.c.obj
LOAD CMakeFiles/MPU6050_clion.elf.dir/Core/Src/stm32f1xx_it.c.obj
LOAD CMakeFiles/MPU6050_clion.elf.dir/Core/Src/syscalls.c.obj
LOAD CMakeFiles/MPU6050_clion.elf.dir/Core/Src/sysmem.c.obj
LOAD CMakeFiles/MPU6050_clion.elf.dir/Core/Src/system_stm32f1xx.c.obj
LOAD CMakeFiles/MPU6050_clion.elf.dir/Core/Src/usart.c.obj
LOAD CMakeFiles/MPU6050_clion.elf.dir/Core/Startup/startup_stm32f103c8tx.s.obj
LOAD CMakeFiles/MPU6050_clion.elf.dir/Drivers/STM32F1xx_HAL_Driver/Src/stm32f1xx_hal.c.obj
LOAD CMakeFiles/MPU6050_clion.elf.dir/Drivers/STM32F1xx_HAL_Driver/Src/stm32f1xx_hal_cortex.c.obj
LOAD CMakeFiles/MPU6050_clion.elf.dir/Drivers/STM32F1xx_HAL_Driver/Src/stm32f1xx_hal_dma.c.obj
LOAD CMakeFiles/MPU6050_clion.elf.dir/Drivers/STM32F1xx_HAL_Driver/Src/stm32f1xx_hal_exti.c.obj
LOAD CMakeFiles/MPU6050_clion.elf.dir/Drivers/STM32F1xx_HAL_Driver/Src/stm32f1xx_hal_flash.c.obj
LOAD CMakeFiles/MPU6050_clion.elf.dir/Drivers/STM32F1xx_HAL_Driver/Src/stm32f1xx_hal_flash_ex.c.obj
LOAD CMakeFiles/MPU6050_clion.elf.dir/Drivers/STM32F1xx_HAL_Driver/Src/stm32f1xx_hal_gpio.c.obj
LOAD CMakeFiles/MPU6050_clion.elf.dir/Drivers/STM32F1xx_HAL_Driver/Src/stm32f1xx_hal_gpio_ex.c.obj
LOAD CMakeFiles/MPU6050_clion.elf.dir/Drivers/STM32F1xx_HAL_Driver/Src/stm32f1xx_hal_pwr.c.obj
LOAD CMakeFiles/MPU6050_clion.elf.dir/Drivers/STM32F1xx_HAL_Driver/Src/stm32f1xx_hal_rcc.c.obj
LOAD CMakeFiles/MPU6050_clion.elf.dir/Drivers/STM32F1xx_HAL_Driver/Src/stm32f1xx_hal_rcc_ex.c.obj
LOAD CMakeFiles/MPU6050_clion.elf.dir/Drivers/STM32F1xx_HAL_Driver/Src/stm32f1xx_hal_tim.c.obj
LOAD CMakeFiles/MPU6050_clion.elf.dir/Drivers/STM32F1xx_HAL_Driver/Src/stm32f1xx_hal_tim_ex.c.obj
LOAD CMakeFiles/MPU6050_clion.elf.dir/Drivers/STM32F1xx_HAL_Driver/Src/stm32f1xx_hal_uart.c.obj
LOAD CMakeFiles/MPU6050_clion.elf.dir/MPU6050/delay.c.obj
LOAD CMakeFiles/MPU6050_clion.elf.dir/MPU6050/eMPL/inv_mpu.c.obj
LOAD CMakeFiles/MPU6050_clion.elf.dir/MPU6050/eMPL/inv_mpu_dmp_motion_driver.c.obj
LOAD CMakeFiles/MPU6050_clion.elf.dir/MPU6050/mpu6050.c.obj
LOAD CMakeFiles/MPU6050_clion.elf.dir/MPU6050/mpuiic.c.obj
LOAD CMakeFiles/MPU6050_clion.elf.dir/MPU6050/sys.c.obj
START GROUP
LOAD /home/szy/gcc-arm-none-eabi-7-2017-q4-major/bin/../lib/gcc/arm-none-eabi/7.2.1/thumb/v7-m/libgcc.a
LOAD /home/szy/gcc-arm-none-eabi-7-2017-q4-major/bin/../lib/gcc/arm-none-eabi/7.2.1/../../../../arm-none-eabi/lib/thumb/v7-m/libg.a
LOAD /home/szy/gcc-arm-none-eabi-7-2017-q4-major/bin/../lib/gcc/arm-none-eabi/7.2.1/../../../../arm-none-eabi/lib/thumb/v7-m/libc.a
END GROUP
LOAD /home/szy/gcc-arm-none-eabi-7-2017-q4-major/bin/../lib/gcc/arm-none-eabi/7.2.1/thumb/v7-m/crtend.o
LOAD /home/szy/gcc-arm-none-eabi-7-2017-q4-major/bin/../lib/gcc/arm-none-eabi/7.2.1/thumb/v7-m/crtn.o
                0x0000000020005000                _estack = (ORIGIN (RAM) + LENGTH (RAM))
                0x0000000000000200                _Min_Heap_Size = 0x200
                0x0000000000000400                _Min_Stack_Size = 0x400

.isr_vector     0x0000000008000000      0x10c
                0x0000000008000000                . = ALIGN (0x4)
 *(.isr_vector)
 .isr_vector    0x0000000008000000      0x10c CMakeFiles/MPU6050_clion.elf.dir/Core/Startup/startup_stm32f103c8tx.s.obj
                0x0000000008000000                g_pfnVectors
                0x000000000800010c                . = ALIGN (0x4)

.text           0x0000000008000110     0xaaf4
                0x0000000008000110                . = ALIGN (0x4)
 *(.text)
 .text          0x0000000008000110       0x40 /home/szy/gcc-arm-none-eabi-7-2017-q4-major/bin/../lib/gcc/arm-none-eabi/7.2.1/thumb/v7-m/crtbegin.o
 .text          0x0000000008000150      0x378 /home/szy/gcc-arm-none-eabi-7-2017-q4-major/bin/../lib/gcc/arm-none-eabi/7.2.1/thumb/v7-m/libgcc.a(_arm_addsubdf3.o)
                0x0000000008000150                __aeabi_drsub
                0x0000000008000158                __aeabi_dsub
                0x0000000008000158                __subdf3
                0x000000000800015c                __adddf3
                0x000000000800015c                __aeabi_dadd
                0x00000000080003d4                __aeabi_ui2d
                0x00000000080003d4                __floatunsidf
                0x00000000080003f4                __floatsidf
                0x00000000080003f4                __aeabi_i2d
                0x0000000008000418                __extendsfdf2
                0x0000000008000418                __aeabi_f2d
                0x000000000800045c                __aeabi_ul2d
                0x000000000800045c                __floatundidf
                0x000000000800046c                __floatdidf
                0x000000000800046c                __aeabi_l2d
 .text          0x00000000080004c8      0x424 /home/szy/gcc-arm-none-eabi-7-2017-q4-major/bin/../lib/gcc/arm-none-eabi/7.2.1/thumb/v7-m/libgcc.a(_arm_muldivdf3.o)
                0x00000000080004c8                __aeabi_dmul
                0x00000000080004c8                __muldf3
                0x000000000800071c                __aeabi_ddiv
                0x000000000800071c                __divdf3
 .text          0x00000000080008ec       0xa0 /home/szy/gcc-arm-none-eabi-7-2017-q4-major/bin/../lib/gcc/arm-none-eabi/7.2.1/thumb/v7-m/libgcc.a(_arm_truncdfsf2.o)
                0x00000000080008ec                __aeabi_d2f
                0x00000000080008ec                __truncdfsf2
 .text          0x000000000800098c      0x21c /home/szy/gcc-arm-none-eabi-7-2017-q4-major/bin/../lib/gcc/arm-none-eabi/7.2.1/thumb/v7-m/libgcc.a(_arm_addsubsf3.o)
                0x000000000800098c                __aeabi_frsub
                0x0000000008000994                __subsf3
                0x0000000008000994                __aeabi_fsub
                0x0000000008000998                __aeabi_fadd
                0x0000000008000998                __addsf3
                0x0000000008000af8                __aeabi_ui2f
                0x0000000008000af8                __floatunsisf
                0x0000000008000b00                __aeabi_i2f
                0x0000000008000b00                __floatsisf
                0x0000000008000b1c                __floatundisf
                0x0000000008000b1c                __aeabi_ul2f
                0x0000000008000b2c                __floatdisf
                0x0000000008000b2c                __aeabi_l2f
 .text          0x0000000008000ba8      0x2a0 /home/szy/gcc-arm-none-eabi-7-2017-q4-major/bin/../lib/gcc/arm-none-eabi/7.2.1/thumb/v7-m/libgcc.a(_arm_muldivsf3.o)
                0x0000000008000ba8                __mulsf3
                0x0000000008000ba8                __aeabi_fmul
                0x0000000008000d10                __divsf3
                0x0000000008000d10                __aeabi_fdiv
 .text          0x0000000008000e48       0xec /home/szy/gcc-arm-none-eabi-7-2017-q4-major/bin/../lib/gcc/arm-none-eabi/7.2.1/thumb/v7-m/libgcc.a(_arm_cmpsf2.o)
                0x0000000008000e48                __gtsf2
                0x0000000008000e48                __gesf2
                0x0000000008000e50                __lesf2
                0x0000000008000e50                __ltsf2
                0x0000000008000e58                __nesf2
                0x0000000008000e58                __eqsf2
                0x0000000008000e58                __cmpsf2
                0x0000000008000eb8                __aeabi_cfrcmple
                0x0000000008000ec0                __aeabi_cfcmple
                0x0000000008000ec0                __aeabi_cfcmpeq
                0x0000000008000ed0                __aeabi_fcmpeq
                0x0000000008000ee4                __aeabi_fcmplt
                0x0000000008000ef8                __aeabi_fcmple
                0x0000000008000f0c                __aeabi_fcmpge
                0x0000000008000f20                __aeabi_fcmpgt
 .text          0x0000000008000f34       0x4c /home/szy/gcc-arm-none-eabi-7-2017-q4-major/bin/../lib/gcc/arm-none-eabi/7.2.1/thumb/v7-m/libgcc.a(_arm_fixsfsi.o)
                0x0000000008000f34                __fixsfsi
                0x0000000008000f34                __aeabi_f2iz
 .text          0x0000000008000f80       0x40 /home/szy/gcc-arm-none-eabi-7-2017-q4-major/bin/../lib/gcc/arm-none-eabi/7.2.1/thumb/v7-m/libgcc.a(_arm_fixunssfsi.o)
                0x0000000008000f80                __aeabi_f2uiz
                0x0000000008000f80                __fixunssfsi
 .text          0x0000000008000fc0       0xa0 /home/szy/gcc-arm-none-eabi-7-2017-q4-major/bin/../lib/gcc/arm-none-eabi/7.2.1/thumb/v7-m/libgcc.a(_aeabi_ldivmod.o)
                0x0000000008000fc0                __aeabi_ldivmod
 .text          0x0000000008001060      0x2d0 /home/szy/gcc-arm-none-eabi-7-2017-q4-major/bin/../lib/gcc/arm-none-eabi/7.2.1/thumb/v7-m/libgcc.a(_udivmoddi4.o)
                0x0000000008001060                __udivmoddi4
 .text          0x0000000008001330        0x4 /home/szy/gcc-arm-none-eabi-7-2017-q4-major/bin/../lib/gcc/arm-none-eabi/7.2.1/thumb/v7-m/libgcc.a(_dvmd_tls.o)
                0x0000000008001330                __aeabi_ldiv0
                0x0000000008001330                __aeabi_idiv0
 .text          0x0000000008001334       0xec /home/szy/gcc-arm-none-eabi-7-2017-q4-major/bin/../lib/gcc/arm-none-eabi/7.2.1/../../../../arm-none-eabi/lib/thumb/v7-m/libg.a(lib_a-memcpy.o)
                0x0000000008001334                memcpy
 .text          0x0000000008001420      0x110 /home/szy/gcc-arm-none-eabi-7-2017-q4-major/bin/../lib/gcc/arm-none-eabi/7.2.1/thumb/v7-m/libgcc.a(_arm_cmpdf2.o)
                0x0000000008001420                __gtdf2
                0x0000000008001420                __gedf2
                0x0000000008001428                __ltdf2
                0x0000000008001428                __ledf2
                0x0000000008001430                __cmpdf2
                0x0000000008001430                __eqdf2
                0x0000000008001430                __nedf2
                0x00000000080014ac                __aeabi_cdrcmple
                0x00000000080014bc                __aeabi_cdcmple
                0x00000000080014bc                __aeabi_cdcmpeq
                0x00000000080014cc                __aeabi_dcmpeq
                0x00000000080014e0                __aeabi_dcmplt
                0x00000000080014f4                __aeabi_dcmple
                0x0000000008001508                __aeabi_dcmpge
                0x000000000800151c                __aeabi_dcmpgt
 .text          0x0000000008001530       0x2c /home/szy/gcc-arm-none-eabi-7-2017-q4-major/bin/../lib/gcc/arm-none-eabi/7.2.1/thumb/v7-m/libgcc.a(_arm_unorddf2.o)
                0x0000000008001530                __aeabi_dcmpun
                0x0000000008001530                __unorddf2
 .text          0x000000000800155c       0x50 /home/szy/gcc-arm-none-eabi-7-2017-q4-major/bin/../lib/gcc/arm-none-eabi/7.2.1/thumb/v7-m/libgcc.a(_arm_fixdfsi.o)
                0x000000000800155c                __fixdfsi
                0x000000000800155c                __aeabi_d2iz
 .text          0x00000000080015ac       0x30 /home/szy/gcc-arm-none-eabi-7-2017-q4-major/bin/../lib/gcc/arm-none-eabi/7.2.1/thumb/v7-m/libgcc.a(_aeabi_uldivmod.o)
                0x00000000080015ac                __aeabi_uldivmod
 *(.text*)
 .text.MX_DMA_Init
                0x00000000080015dc       0x34 CMakeFiles/MPU6050_clion.elf.dir/Core/Src/dma.c.obj
                0x00000000080015dc                MX_DMA_Init
 .text.MX_GPIO_Init
                0x0000000008001610       0x8c CMakeFiles/MPU6050_clion.elf.dir/Core/Src/gpio.c.obj
                0x0000000008001610                MX_GPIO_Init
 .text.Error_Handler
                0x000000000800169c        0x4 CMakeFiles/MPU6050_clion.elf.dir/Core/Src/main.c.obj
                0x000000000800169c                Error_Handler
 .text.SystemClock_Config
                0x00000000080016a0       0x62 CMakeFiles/MPU6050_clion.elf.dir/Core/Src/main.c.obj
                0x00000000080016a0                SystemClock_Config
 *fill*         0x0000000008001702        0x2 
 .text.main     0x0000000008001704       0xa8 CMakeFiles/MPU6050_clion.elf.dir/Core/Src/main.c.obj
                0x0000000008001704                main
 .text.HAL_MspInit
                0x00000000080017ac       0x44 CMakeFiles/MPU6050_clion.elf.dir/Core/Src/stm32f1xx_hal_msp.c.obj
                0x00000000080017ac                HAL_MspInit
 .text.NMI_Handler
                0x00000000080017f0        0x2 CMakeFiles/MPU6050_clion.elf.dir/Core/Src/stm32f1xx_it.c.obj
                0x00000000080017f0                NMI_Handler
 .text.HardFault_Handler
                0x00000000080017f2        0x2 CMakeFiles/MPU6050_clion.elf.dir/Core/Src/stm32f1xx_it.c.obj
                0x00000000080017f2                HardFault_Handler
 .text.MemManage_Handler
                0x00000000080017f4        0x2 CMakeFiles/MPU6050_clion.elf.dir/Core/Src/stm32f1xx_it.c.obj
                0x00000000080017f4                MemManage_Handler
 .text.BusFault_Handler
                0x00000000080017f6        0x2 CMakeFiles/MPU6050_clion.elf.dir/Core/Src/stm32f1xx_it.c.obj
                0x00000000080017f6                BusFault_Handler
 .text.UsageFault_Handler
                0x00000000080017f8        0x2 CMakeFiles/MPU6050_clion.elf.dir/Core/Src/stm32f1xx_it.c.obj
                0x00000000080017f8                UsageFault_Handler
 .text.SVC_Handler
                0x00000000080017fa        0x2 CMakeFiles/MPU6050_clion.elf.dir/Core/Src/stm32f1xx_it.c.obj
                0x00000000080017fa                SVC_Handler
 .text.DebugMon_Handler
                0x00000000080017fc        0x2 CMakeFiles/MPU6050_clion.elf.dir/Core/Src/stm32f1xx_it.c.obj
                0x00000000080017fc                DebugMon_Handler
 .text.PendSV_Handler
                0x00000000080017fe        0x2 CMakeFiles/MPU6050_clion.elf.dir/Core/Src/stm32f1xx_it.c.obj
                0x00000000080017fe                PendSV_Handler
 .text.SysTick_Handler
                0x0000000008001800        0x8 CMakeFiles/MPU6050_clion.elf.dir/Core/Src/stm32f1xx_it.c.obj
                0x0000000008001800                SysTick_Handler
 .text.DMA1_Channel4_IRQHandler
                0x0000000008001808       0x10 CMakeFiles/MPU6050_clion.elf.dir/Core/Src/stm32f1xx_it.c.obj
                0x0000000008001808                DMA1_Channel4_IRQHandler
 .text.USART1_IRQHandler
                0x0000000008001818       0x10 CMakeFiles/MPU6050_clion.elf.dir/Core/Src/stm32f1xx_it.c.obj
                0x0000000008001818                USART1_IRQHandler
 .text._read    0x0000000008001828       0x1c CMakeFiles/MPU6050_clion.elf.dir/Core/Src/syscalls.c.obj
                0x0000000008001828                _read
 .text._write   0x0000000008001844       0x1c CMakeFiles/MPU6050_clion.elf.dir/Core/Src/syscalls.c.obj
                0x0000000008001844                _write
 .text._close   0x0000000008001860        0x6 CMakeFiles/MPU6050_clion.elf.dir/Core/Src/syscalls.c.obj
                0x0000000008001860                _close
 .text._fstat   0x0000000008001866        0xa CMakeFiles/MPU6050_clion.elf.dir/Core/Src/syscalls.c.obj
                0x0000000008001866                _fstat
 .text._isatty  0x0000000008001870        0x4 CMakeFiles/MPU6050_clion.elf.dir/Core/Src/syscalls.c.obj
                0x0000000008001870                _isatty
 .text._lseek   0x0000000008001874        0x4 CMakeFiles/MPU6050_clion.elf.dir/Core/Src/syscalls.c.obj
                0x0000000008001874                _lseek
 .text._sbrk    0x0000000008001878       0x48 CMakeFiles/MPU6050_clion.elf.dir/Core/Src/sysmem.c.obj
                0x0000000008001878                _sbrk
 .text.SystemInit
                0x00000000080018c0        0x2 CMakeFiles/MPU6050_clion.elf.dir/Core/Src/system_stm32f1xx.c.obj
                0x00000000080018c0                SystemInit
 *fill*         0x00000000080018c2        0x2 
 .text.MX_USART1_UART_Init
                0x00000000080018c4       0x34 CMakeFiles/MPU6050_clion.elf.dir/Core/Src/usart.c.obj
                0x00000000080018c4                MX_USART1_UART_Init
 .text.HAL_UART_MspInit
                0x00000000080018f8       0xc0 CMakeFiles/MPU6050_clion.elf.dir/Core/Src/usart.c.obj
                0x00000000080018f8                HAL_UART_MspInit
 .text.Reset_Handler
                0x00000000080019b8       0x48 CMakeFiles/MPU6050_clion.elf.dir/Core/Startup/startup_stm32f103c8tx.s.obj
                0x00000000080019b8                Reset_Handler
 .text.Default_Handler
                0x0000000008001a00        0x2 CMakeFiles/MPU6050_clion.elf.dir/Core/Startup/startup_stm32f103c8tx.s.obj
                0x0000000008001a00                RTC_Alarm_IRQHandler
                0x0000000008001a00                EXTI2_IRQHandler
                0x0000000008001a00                TIM1_CC_IRQHandler
                0x0000000008001a00                PVD_IRQHandler
                0x0000000008001a00                EXTI3_IRQHandler
                0x0000000008001a00                EXTI0_IRQHandler
                0x0000000008001a00                I2C2_EV_IRQHandler
                0x0000000008001a00                ADC1_2_IRQHandler
                0x0000000008001a00                SPI1_IRQHandler
                0x0000000008001a00                TAMPER_IRQHandler
                0x0000000008001a00                USART3_IRQHandler
                0x0000000008001a00                RTC_IRQHandler
                0x0000000008001a00                DMA1_Channel7_IRQHandler
                0x0000000008001a00                CAN1_RX1_IRQHandler
                0x0000000008001a00                TIM4_IRQHandler
                0x0000000008001a00                I2C1_EV_IRQHandler
                0x0000000008001a00                DMA1_Channel6_IRQHandler
                0x0000000008001a00                TIM3_IRQHandler
                0x0000000008001a00                RCC_IRQHandler
                0x0000000008001a00                TIM1_TRG_COM_IRQHandler
                0x0000000008001a00                DMA1_Channel1_IRQHandler
                0x0000000008001a00                Default_Handler
                0x0000000008001a00                EXTI15_10_IRQHandler
                0x0000000008001a00                EXTI9_5_IRQHandler
                0x0000000008001a00                SPI2_IRQHandler
                0x0000000008001a00                DMA1_Channel5_IRQHandler
                0x0000000008001a00                EXTI4_IRQHandler
                0x0000000008001a00                USB_LP_CAN1_RX0_IRQHandler
                0x0000000008001a00                USB_HP_CAN1_TX_IRQHandler
                0x0000000008001a00                DMA1_Channel3_IRQHandler
                0x0000000008001a00                TIM1_UP_IRQHandler
                0x0000000008001a00                WWDG_IRQHandler
                0x0000000008001a00                TIM2_IRQHandler
                0x0000000008001a00                TIM1_BRK_IRQHandler
                0x0000000008001a00                EXTI1_IRQHandler
                0x0000000008001a00                USART2_IRQHandler
                0x0000000008001a00                I2C2_ER_IRQHandler
                0x0000000008001a00                DMA1_Channel2_IRQHandler
                0x0000000008001a00                CAN1_SCE_IRQHandler
                0x0000000008001a00                FLASH_IRQHandler
                0x0000000008001a00                I2C1_ER_IRQHandler
                0x0000000008001a00                USBWakeUp_IRQHandler
 *fill*         0x0000000008001a02        0x2 
 .text.HAL_InitTick
                0x0000000008001a04       0x4c CMakeFiles/MPU6050_clion.elf.dir/Drivers/STM32F1xx_HAL_Driver/Src/stm32f1xx_hal.c.obj
                0x0000000008001a04                HAL_InitTick
 .text.HAL_Init
                0x0000000008001a50       0x24 CMakeFiles/MPU6050_clion.elf.dir/Drivers/STM32F1xx_HAL_Driver/Src/stm32f1xx_hal.c.obj
                0x0000000008001a50                HAL_Init
 .text.HAL_IncTick
                0x0000000008001a74       0x18 CMakeFiles/MPU6050_clion.elf.dir/Drivers/STM32F1xx_HAL_Driver/Src/stm32f1xx_hal.c.obj
                0x0000000008001a74                HAL_IncTick
 .text.HAL_GetTick
                0x0000000008001a8c        0xc CMakeFiles/MPU6050_clion.elf.dir/Drivers/STM32F1xx_HAL_Driver/Src/stm32f1xx_hal.c.obj
                0x0000000008001a8c                HAL_GetTick
 .text.HAL_Delay
                0x0000000008001a98       0x28 CMakeFiles/MPU6050_clion.elf.dir/Drivers/STM32F1xx_HAL_Driver/Src/stm32f1xx_hal.c.obj
                0x0000000008001a98                HAL_Delay
 .text.HAL_NVIC_SetPriorityGrouping
                0x0000000008001ac0       0x24 CMakeFiles/MPU6050_clion.elf.dir/Drivers/STM32F1xx_HAL_Driver/Src/stm32f1xx_hal_cortex.c.obj
                0x0000000008001ac0                HAL_NVIC_SetPriorityGrouping
 .text.HAL_NVIC_SetPriority
                0x0000000008001ae4       0x68 CMakeFiles/MPU6050_clion.elf.dir/Drivers/STM32F1xx_HAL_Driver/Src/stm32f1xx_hal_cortex.c.obj
                0x0000000008001ae4                HAL_NVIC_SetPriority
 .text.HAL_NVIC_EnableIRQ
                0x0000000008001b4c       0x1c CMakeFiles/MPU6050_clion.elf.dir/Drivers/STM32F1xx_HAL_Driver/Src/stm32f1xx_hal_cortex.c.obj
                0x0000000008001b4c                HAL_NVIC_EnableIRQ
 .text.HAL_SYSTICK_Config
                0x0000000008001b68       0x2c CMakeFiles/MPU6050_clion.elf.dir/Drivers/STM32F1xx_HAL_Driver/Src/stm32f1xx_hal_cortex.c.obj
                0x0000000008001b68                HAL_SYSTICK_Config
 .text.DMA_SetConfig
                0x0000000008001b94       0x2c CMakeFiles/MPU6050_clion.elf.dir/Drivers/STM32F1xx_HAL_Driver/Src/stm32f1xx_hal_dma.c.obj
 .text.HAL_DMA_Init
                0x0000000008001bc0       0x6c CMakeFiles/MPU6050_clion.elf.dir/Drivers/STM32F1xx_HAL_Driver/Src/stm32f1xx_hal_dma.c.obj
                0x0000000008001bc0                HAL_DMA_Init
 .text.HAL_DMA_Start_IT
                0x0000000008001c2c       0x74 CMakeFiles/MPU6050_clion.elf.dir/Drivers/STM32F1xx_HAL_Driver/Src/stm32f1xx_hal_dma.c.obj
                0x0000000008001c2c                HAL_DMA_Start_IT
 .text.HAL_DMA_Abort
                0x0000000008001ca0       0x44 CMakeFiles/MPU6050_clion.elf.dir/Drivers/STM32F1xx_HAL_Driver/Src/stm32f1xx_hal_dma.c.obj
                0x0000000008001ca0                HAL_DMA_Abort
 .text.HAL_DMA_Abort_IT
                0x0000000008001ce4       0x98 CMakeFiles/MPU6050_clion.elf.dir/Drivers/STM32F1xx_HAL_Driver/Src/stm32f1xx_hal_dma.c.obj
                0x0000000008001ce4                HAL_DMA_Abort_IT
 .text.HAL_DMA_IRQHandler
                0x0000000008001d7c      0x144 CMakeFiles/MPU6050_clion.elf.dir/Drivers/STM32F1xx_HAL_Driver/Src/stm32f1xx_hal_dma.c.obj
                0x0000000008001d7c                HAL_DMA_IRQHandler
 .text.HAL_GPIO_Init
                0x0000000008001ec0      0x1d8 CMakeFiles/MPU6050_clion.elf.dir/Drivers/STM32F1xx_HAL_Driver/Src/stm32f1xx_hal_gpio.c.obj
                0x0000000008001ec0                HAL_GPIO_Init
 .text.HAL_GPIO_WritePin
                0x0000000008002098        0xc CMakeFiles/MPU6050_clion.elf.dir/Drivers/STM32F1xx_HAL_Driver/Src/stm32f1xx_hal_gpio.c.obj
                0x0000000008002098                HAL_GPIO_WritePin
 .text.RCC_Delay
                0x00000000080020a4       0x2c CMakeFiles/MPU6050_clion.elf.dir/Drivers/STM32F1xx_HAL_Driver/Src/stm32f1xx_hal_rcc.c.obj
 .text.HAL_RCC_OscConfig
                0x00000000080020d0      0x410 CMakeFiles/MPU6050_clion.elf.dir/Drivers/STM32F1xx_HAL_Driver/Src/stm32f1xx_hal_rcc.c.obj
                0x00000000080020d0                HAL_RCC_OscConfig
 .text.HAL_RCC_GetSysClockFreq
                0x00000000080024e0       0x70 CMakeFiles/MPU6050_clion.elf.dir/Drivers/STM32F1xx_HAL_Driver/Src/stm32f1xx_hal_rcc.c.obj
                0x00000000080024e0                HAL_RCC_GetSysClockFreq
 .text.HAL_RCC_ClockConfig
                0x0000000008002550      0x168 CMakeFiles/MPU6050_clion.elf.dir/Drivers/STM32F1xx_HAL_Driver/Src/stm32f1xx_hal_rcc.c.obj
                0x0000000008002550                HAL_RCC_ClockConfig
 .text.HAL_RCC_GetHCLKFreq
                0x00000000080026b8        0xc CMakeFiles/MPU6050_clion.elf.dir/Drivers/STM32F1xx_HAL_Driver/Src/stm32f1xx_hal_rcc.c.obj
                0x00000000080026b8                HAL_RCC_GetHCLKFreq
 .text.HAL_RCC_GetPCLK1Freq
                0x00000000080026c4       0x20 CMakeFiles/MPU6050_clion.elf.dir/Drivers/STM32F1xx_HAL_Driver/Src/stm32f1xx_hal_rcc.c.obj
                0x00000000080026c4                HAL_RCC_GetPCLK1Freq
 .text.HAL_RCC_GetPCLK2Freq
                0x00000000080026e4       0x20 CMakeFiles/MPU6050_clion.elf.dir/Drivers/STM32F1xx_HAL_Driver/Src/stm32f1xx_hal_rcc.c.obj
                0x00000000080026e4                HAL_RCC_GetPCLK2Freq
 .text.UART_EndTxTransfer
                0x0000000008002704       0x12 CMakeFiles/MPU6050_clion.elf.dir/Drivers/STM32F1xx_HAL_Driver/Src/stm32f1xx_hal_uart.c.obj
 .text.UART_EndRxTransfer
                0x0000000008002716       0x32 CMakeFiles/MPU6050_clion.elf.dir/Drivers/STM32F1xx_HAL_Driver/Src/stm32f1xx_hal_uart.c.obj
 .text.UART_Transmit_IT
                0x0000000008002748       0x62 CMakeFiles/MPU6050_clion.elf.dir/Drivers/STM32F1xx_HAL_Driver/Src/stm32f1xx_hal_uart.c.obj
 *fill*         0x00000000080027aa        0x2 
 .text.UART_SetConfig
                0x00000000080027ac       0x90 CMakeFiles/MPU6050_clion.elf.dir/Drivers/STM32F1xx_HAL_Driver/Src/stm32f1xx_hal_uart.c.obj
 .text.HAL_UART_Init
                0x000000000800283c       0x5e CMakeFiles/MPU6050_clion.elf.dir/Drivers/STM32F1xx_HAL_Driver/Src/stm32f1xx_hal_uart.c.obj
                0x000000000800283c                HAL_UART_Init
 *fill*         0x000000000800289a        0x2 
 .text.HAL_UART_Transmit_DMA
                0x000000000800289c       0x8c CMakeFiles/MPU6050_clion.elf.dir/Drivers/STM32F1xx_HAL_Driver/Src/stm32f1xx_hal_uart.c.obj
                0x000000000800289c                HAL_UART_Transmit_DMA
 .text.HAL_UART_TxCpltCallback
                0x0000000008002928        0x2 CMakeFiles/MPU6050_clion.elf.dir/Drivers/STM32F1xx_HAL_Driver/Src/stm32f1xx_hal_uart.c.obj
                0x0000000008002928                HAL_UART_TxCpltCallback
 .text.UART_DMATransmitCplt
                0x000000000800292a       0x30 CMakeFiles/MPU6050_clion.elf.dir/Drivers/STM32F1xx_HAL_Driver/Src/stm32f1xx_hal_uart.c.obj
 .text.UART_EndTransmit_IT
                0x000000000800295a       0x1a CMakeFiles/MPU6050_clion.elf.dir/Drivers/STM32F1xx_HAL_Driver/Src/stm32f1xx_hal_uart.c.obj
 .text.HAL_UART_TxHalfCpltCallback
                0x0000000008002974        0x2 CMakeFiles/MPU6050_clion.elf.dir/Drivers/STM32F1xx_HAL_Driver/Src/stm32f1xx_hal_uart.c.obj
                0x0000000008002974                HAL_UART_TxHalfCpltCallback
 .text.UART_DMATxHalfCplt
                0x0000000008002976        0xa CMakeFiles/MPU6050_clion.elf.dir/Drivers/STM32F1xx_HAL_Driver/Src/stm32f1xx_hal_uart.c.obj
 .text.HAL_UART_RxCpltCallback
                0x0000000008002980        0x2 CMakeFiles/MPU6050_clion.elf.dir/Drivers/STM32F1xx_HAL_Driver/Src/stm32f1xx_hal_uart.c.obj
                0x0000000008002980                HAL_UART_RxCpltCallback
 .text.HAL_UART_ErrorCallback
                0x0000000008002982        0x2 CMakeFiles/MPU6050_clion.elf.dir/Drivers/STM32F1xx_HAL_Driver/Src/stm32f1xx_hal_uart.c.obj
                0x0000000008002982                HAL_UART_ErrorCallback
 .text.UART_DMAError
                0x0000000008002984       0x58 CMakeFiles/MPU6050_clion.elf.dir/Drivers/STM32F1xx_HAL_Driver/Src/stm32f1xx_hal_uart.c.obj
 .text.UART_DMAAbortOnError
                0x00000000080029dc       0x10 CMakeFiles/MPU6050_clion.elf.dir/Drivers/STM32F1xx_HAL_Driver/Src/stm32f1xx_hal_uart.c.obj
 .text.HAL_UARTEx_RxEventCallback
                0x00000000080029ec        0x2 CMakeFiles/MPU6050_clion.elf.dir/Drivers/STM32F1xx_HAL_Driver/Src/stm32f1xx_hal_uart.c.obj
                0x00000000080029ec                HAL_UARTEx_RxEventCallback
 .text.UART_Receive_IT
                0x00000000080029ee       0xd4 CMakeFiles/MPU6050_clion.elf.dir/Drivers/STM32F1xx_HAL_Driver/Src/stm32f1xx_hal_uart.c.obj
 *fill*         0x0000000008002ac2        0x2 
 .text.HAL_UART_IRQHandler
                0x0000000008002ac4      0x1f4 CMakeFiles/MPU6050_clion.elf.dir/Drivers/STM32F1xx_HAL_Driver/Src/stm32f1xx_hal_uart.c.obj
                0x0000000008002ac4                HAL_UART_IRQHandler
 .text.delay_us
                0x0000000008002cb8       0x3c CMakeFiles/MPU6050_clion.elf.dir/MPU6050/delay.c.obj
                0x0000000008002cb8                delay_us
 .text.delay_ms
                0x0000000008002cf4       0x18 CMakeFiles/MPU6050_clion.elf.dir/MPU6050/delay.c.obj
                0x0000000008002cf4                delay_ms
 .text.get_accel_prod_shift
                0x0000000008002d0c       0xbc CMakeFiles/MPU6050_clion.elf.dir/MPU6050/eMPL/inv_mpu.c.obj
 .text.accel_self_test
                0x0000000008002dc8       0xa4 CMakeFiles/MPU6050_clion.elf.dir/MPU6050/eMPL/inv_mpu.c.obj
 .text.gyro_self_test
                0x0000000008002e6c       0xfc CMakeFiles/MPU6050_clion.elf.dir/MPU6050/eMPL/inv_mpu.c.obj
 .text.set_int_enable
                0x0000000008002f68       0x98 CMakeFiles/MPU6050_clion.elf.dir/MPU6050/eMPL/inv_mpu.c.obj
 .text.get_st_biases
                0x0000000008003000      0x448 CMakeFiles/MPU6050_clion.elf.dir/MPU6050/eMPL/inv_mpu.c.obj
 .text.mpu_reset_fifo
                0x0000000008003448      0x1f4 CMakeFiles/MPU6050_clion.elf.dir/MPU6050/eMPL/inv_mpu.c.obj
                0x0000000008003448                mpu_reset_fifo
 .text.mpu_get_gyro_fsr
                0x000000000800363c       0x3c CMakeFiles/MPU6050_clion.elf.dir/MPU6050/eMPL/inv_mpu.c.obj
                0x000000000800363c                mpu_get_gyro_fsr
 .text.mpu_set_gyro_fsr
                0x0000000008003678       0x90 CMakeFiles/MPU6050_clion.elf.dir/MPU6050/eMPL/inv_mpu.c.obj
                0x0000000008003678                mpu_set_gyro_fsr
 .text.mpu_get_accel_fsr
                0x0000000008003708       0x44 CMakeFiles/MPU6050_clion.elf.dir/MPU6050/eMPL/inv_mpu.c.obj
                0x0000000008003708                mpu_get_accel_fsr
 .text.mpu_set_accel_fsr
                0x000000000800374c       0x94 CMakeFiles/MPU6050_clion.elf.dir/MPU6050/eMPL/inv_mpu.c.obj
                0x000000000800374c                mpu_set_accel_fsr
 .text.mpu_get_lpf
                0x00000000080037e0       0x44 CMakeFiles/MPU6050_clion.elf.dir/MPU6050/eMPL/inv_mpu.c.obj
                0x00000000080037e0                mpu_get_lpf
 .text.mpu_set_lpf
                0x0000000008003824       0x94 CMakeFiles/MPU6050_clion.elf.dir/MPU6050/eMPL/inv_mpu.c.obj
                0x0000000008003824                mpu_set_lpf
 .text.mpu_get_sample_rate
                0x00000000080038b8       0x1c CMakeFiles/MPU6050_clion.elf.dir/MPU6050/eMPL/inv_mpu.c.obj
                0x00000000080038b8                mpu_get_sample_rate
 .text.mpu_get_gyro_sens
                0x00000000080038d4       0x4c CMakeFiles/MPU6050_clion.elf.dir/MPU6050/eMPL/inv_mpu.c.obj
                0x00000000080038d4                mpu_get_gyro_sens
 .text.mpu_get_accel_sens
                0x0000000008003920       0x4c CMakeFiles/MPU6050_clion.elf.dir/MPU6050/eMPL/inv_mpu.c.obj
                0x0000000008003920                mpu_get_accel_sens
 .text.mpu_get_fifo_config
                0x000000000800396c       0x10 CMakeFiles/MPU6050_clion.elf.dir/MPU6050/eMPL/inv_mpu.c.obj
                0x000000000800396c                mpu_get_fifo_config
 .text.mpu_configure_fifo
                0x000000000800397c       0x60 CMakeFiles/MPU6050_clion.elf.dir/MPU6050/eMPL/inv_mpu.c.obj
                0x000000000800397c                mpu_configure_fifo
 .text.mpu_read_fifo_stream
                0x00000000080039dc       0xc0 CMakeFiles/MPU6050_clion.elf.dir/MPU6050/eMPL/inv_mpu.c.obj
                0x00000000080039dc                mpu_read_fifo_stream
 .text.mpu_set_bypass
                0x0000000008003a9c      0x168 CMakeFiles/MPU6050_clion.elf.dir/MPU6050/eMPL/inv_mpu.c.obj
                0x0000000008003a9c                mpu_set_bypass
 .text.mpu_set_int_latched
                0x0000000008003c04       0x74 CMakeFiles/MPU6050_clion.elf.dir/MPU6050/eMPL/inv_mpu.c.obj
                0x0000000008003c04                mpu_set_int_latched
 .text.mpu_lp_accel_mode
                0x0000000008003c78       0xdc CMakeFiles/MPU6050_clion.elf.dir/MPU6050/eMPL/inv_mpu.c.obj
                0x0000000008003c78                mpu_lp_accel_mode
 .text.mpu_set_sample_rate
                0x0000000008003d54       0xa0 CMakeFiles/MPU6050_clion.elf.dir/MPU6050/eMPL/inv_mpu.c.obj
                0x0000000008003d54                mpu_set_sample_rate
 .text.mpu_set_sensors
                0x0000000008003df4       0xe4 CMakeFiles/MPU6050_clion.elf.dir/MPU6050/eMPL/inv_mpu.c.obj
                0x0000000008003df4                mpu_set_sensors
 .text.mpu_init
                0x0000000008003ed8      0x1b8 CMakeFiles/MPU6050_clion.elf.dir/MPU6050/eMPL/inv_mpu.c.obj
                0x0000000008003ed8                mpu_init
 .text.mpu_write_mem
                0x0000000008004090       0x78 CMakeFiles/MPU6050_clion.elf.dir/MPU6050/eMPL/inv_mpu.c.obj
                0x0000000008004090                mpu_write_mem
 .text.mpu_read_mem
                0x0000000008004108       0x78 CMakeFiles/MPU6050_clion.elf.dir/MPU6050/eMPL/inv_mpu.c.obj
                0x0000000008004108                mpu_read_mem
 .text.mpu_load_firmware
                0x0000000008004180       0x9c CMakeFiles/MPU6050_clion.elf.dir/MPU6050/eMPL/inv_mpu.c.obj
                0x0000000008004180                mpu_load_firmware
 .text.mpu_set_dmp_state
                0x000000000800421c       0x90 CMakeFiles/MPU6050_clion.elf.dir/MPU6050/eMPL/inv_mpu.c.obj
                0x000000000800421c                mpu_set_dmp_state
 .text.mpu_run_self_test
                0x00000000080042ac      0x100 CMakeFiles/MPU6050_clion.elf.dir/MPU6050/eMPL/inv_mpu.c.obj
                0x00000000080042ac                mpu_run_self_test
 .text.run_self_test
                0x00000000080043ac       0x80 CMakeFiles/MPU6050_clion.elf.dir/MPU6050/eMPL/inv_mpu.c.obj
                0x00000000080043ac                run_self_test
 .text.inv_row_2_scale
                0x000000000800442c       0x3a CMakeFiles/MPU6050_clion.elf.dir/MPU6050/eMPL/inv_mpu.c.obj
                0x000000000800442c                inv_row_2_scale
 .text.inv_orientation_matrix_to_scalar
                0x0000000008004466       0x24 CMakeFiles/MPU6050_clion.elf.dir/MPU6050/eMPL/inv_mpu.c.obj
                0x0000000008004466                inv_orientation_matrix_to_scalar
 .text.mget_ms  0x000000000800448a        0x2 CMakeFiles/MPU6050_clion.elf.dir/MPU6050/eMPL/inv_mpu.c.obj
                0x000000000800448a                mget_ms
 .text.mpu_dmp_init
                0x000000000800448c       0x94 CMakeFiles/MPU6050_clion.elf.dir/MPU6050/eMPL/inv_mpu.c.obj
                0x000000000800448c                mpu_dmp_init
 .text.mpu_dmp_get_data
                0x0000000008004520      0x1c8 CMakeFiles/MPU6050_clion.elf.dir/MPU6050/eMPL/inv_mpu.c.obj
                0x0000000008004520                mpu_dmp_get_data
 .text.decode_gesture
                0x00000000080046e8       0x3c CMakeFiles/MPU6050_clion.elf.dir/MPU6050/eMPL/inv_mpu_dmp_motion_driver.c.obj
 .text.dmp_load_motion_driver_firmware
                0x0000000008004724       0x18 CMakeFiles/MPU6050_clion.elf.dir/MPU6050/eMPL/inv_mpu_dmp_motion_driver.c.obj
                0x0000000008004724                dmp_load_motion_driver_firmware
 .text.dmp_set_orientation
                0x000000000800473c      0x138 CMakeFiles/MPU6050_clion.elf.dir/MPU6050/eMPL/inv_mpu_dmp_motion_driver.c.obj
                0x000000000800473c                dmp_set_orientation
 .text.dmp_set_gyro_bias
                0x0000000008004874      0x114 CMakeFiles/MPU6050_clion.elf.dir/MPU6050/eMPL/inv_mpu_dmp_motion_driver.c.obj
                0x0000000008004874                dmp_set_gyro_bias
 .text.dmp_set_accel_bias
                0x0000000008004988      0x108 CMakeFiles/MPU6050_clion.elf.dir/MPU6050/eMPL/inv_mpu_dmp_motion_driver.c.obj
                0x0000000008004988                dmp_set_accel_bias
 .text.dmp_set_fifo_rate
                0x0000000008004a90       0x6c CMakeFiles/MPU6050_clion.elf.dir/MPU6050/eMPL/inv_mpu_dmp_motion_driver.c.obj
                0x0000000008004a90                dmp_set_fifo_rate
 .text.dmp_set_tap_thresh
                0x0000000008004afc      0x1a8 CMakeFiles/MPU6050_clion.elf.dir/MPU6050/eMPL/inv_mpu_dmp_motion_driver.c.obj
                0x0000000008004afc                dmp_set_tap_thresh
 .text.dmp_set_tap_axes
                0x0000000008004ca4       0x4e CMakeFiles/MPU6050_clion.elf.dir/MPU6050/eMPL/inv_mpu_dmp_motion_driver.c.obj
                0x0000000008004ca4                dmp_set_tap_axes
 .text.dmp_set_tap_count
                0x0000000008004cf2       0x2a CMakeFiles/MPU6050_clion.elf.dir/MPU6050/eMPL/inv_mpu_dmp_motion_driver.c.obj
                0x0000000008004cf2                dmp_set_tap_count
 .text.dmp_set_tap_time
                0x0000000008004d1c       0x2c CMakeFiles/MPU6050_clion.elf.dir/MPU6050/eMPL/inv_mpu_dmp_motion_driver.c.obj
                0x0000000008004d1c                dmp_set_tap_time
 .text.dmp_set_tap_time_multi
                0x0000000008004d48       0x2c CMakeFiles/MPU6050_clion.elf.dir/MPU6050/eMPL/inv_mpu_dmp_motion_driver.c.obj
                0x0000000008004d48                dmp_set_tap_time_multi
 .text.dmp_set_shake_reject_thresh
                0x0000000008004d74       0x44 CMakeFiles/MPU6050_clion.elf.dir/MPU6050/eMPL/inv_mpu_dmp_motion_driver.c.obj
                0x0000000008004d74                dmp_set_shake_reject_thresh
 .text.dmp_set_shake_reject_time
                0x0000000008004db8       0x2c CMakeFiles/MPU6050_clion.elf.dir/MPU6050/eMPL/inv_mpu_dmp_motion_driver.c.obj
                0x0000000008004db8                dmp_set_shake_reject_time
 .text.dmp_set_shake_reject_timeout
                0x0000000008004de4       0x2c CMakeFiles/MPU6050_clion.elf.dir/MPU6050/eMPL/inv_mpu_dmp_motion_driver.c.obj
                0x0000000008004de4                dmp_set_shake_reject_timeout
 .text.dmp_enable_gyro_cal
                0x0000000008004e10       0x44 CMakeFiles/MPU6050_clion.elf.dir/MPU6050/eMPL/inv_mpu_dmp_motion_driver.c.obj
                0x0000000008004e10                dmp_enable_gyro_cal
 .text.dmp_enable_lp_quat
                0x0000000008004e54       0x3c CMakeFiles/MPU6050_clion.elf.dir/MPU6050/eMPL/inv_mpu_dmp_motion_driver.c.obj
                0x0000000008004e54                dmp_enable_lp_quat
 .text.dmp_enable_6x_lp_quat
                0x0000000008004e90       0x3c CMakeFiles/MPU6050_clion.elf.dir/MPU6050/eMPL/inv_mpu_dmp_motion_driver.c.obj
                0x0000000008004e90                dmp_enable_6x_lp_quat
 .text.dmp_enable_feature
                0x0000000008004ecc      0x218 CMakeFiles/MPU6050_clion.elf.dir/MPU6050/eMPL/inv_mpu_dmp_motion_driver.c.obj
                0x0000000008004ecc                dmp_enable_feature
 .text.dmp_read_fifo
                0x00000000080050e4      0x1f8 CMakeFiles/MPU6050_clion.elf.dir/MPU6050/eMPL/inv_mpu_dmp_motion_driver.c.obj
                0x00000000080050e4                dmp_read_fifo
 .text.MPU_Write_Len
                0x00000000080052dc       0x5e CMakeFiles/MPU6050_clion.elf.dir/MPU6050/mpu6050.c.obj
                0x00000000080052dc                MPU_Write_Len
 .text.MPU_Write_Byte
                0x000000000800533a       0x46 CMakeFiles/MPU6050_clion.elf.dir/MPU6050/mpu6050.c.obj
                0x000000000800533a                MPU_Write_Byte
 .text.MPU_Set_Gyro_Fsr
                0x0000000008005380       0x10 CMakeFiles/MPU6050_clion.elf.dir/MPU6050/mpu6050.c.obj
                0x0000000008005380                MPU_Set_Gyro_Fsr
 .text.MPU_Set_Accel_Fsr
                0x0000000008005390       0x10 CMakeFiles/MPU6050_clion.elf.dir/MPU6050/mpu6050.c.obj
                0x0000000008005390                MPU_Set_Accel_Fsr
 .text.MPU_Set_LPF
                0x00000000080053a0       0x34 CMakeFiles/MPU6050_clion.elf.dir/MPU6050/mpu6050.c.obj
                0x00000000080053a0                MPU_Set_LPF
 .text.MPU_Set_Rate
                0x00000000080053d4       0x32 CMakeFiles/MPU6050_clion.elf.dir/MPU6050/mpu6050.c.obj
                0x00000000080053d4                MPU_Set_Rate
 .text.MPU_Read_Byte
                0x0000000008005406       0x3a CMakeFiles/MPU6050_clion.elf.dir/MPU6050/mpu6050.c.obj
                0x0000000008005406                MPU_Read_Byte
 .text.MPU_Init
                0x0000000008005440       0x76 CMakeFiles/MPU6050_clion.elf.dir/MPU6050/mpu6050.c.obj
                0x0000000008005440                MPU_Init
 .text.MPU_Read_Len
                0x00000000080054b6       0x2c CMakeFiles/MPU6050_clion.elf.dir/MPU6050/mpu6050.c.obj
                0x00000000080054b6                MPU_Read_Len
 *fill*         0x00000000080054e2        0x6 
 .text.MPU_Get_Temperature
                0x00000000080054e8       0x60 CMakeFiles/MPU6050_clion.elf.dir/MPU6050/mpu6050.c.obj
                0x00000000080054e8                MPU_Get_Temperature
 .text.MPU_Get_Gyroscope
                0x0000000008005548       0x4a CMakeFiles/MPU6050_clion.elf.dir/MPU6050/mpu6050.c.obj
                0x0000000008005548                MPU_Get_Gyroscope
 .text.MPU_Get_Accelerometer
                0x0000000008005592       0x4a CMakeFiles/MPU6050_clion.elf.dir/MPU6050/mpu6050.c.obj
                0x0000000008005592                MPU_Get_Accelerometer
 .text.MPU_IIC_Delay
                0x00000000080055dc        0xa CMakeFiles/MPU6050_clion.elf.dir/MPU6050/mpuiic.c.obj
                0x00000000080055dc                MPU_IIC_Delay
 *fill*         0x00000000080055e6        0x2 
 .text.MPU_IIC_Start
                0x00000000080055e8       0x28 CMakeFiles/MPU6050_clion.elf.dir/MPU6050/mpuiic.c.obj
                0x00000000080055e8                MPU_IIC_Start
 .text.MPU_IIC_Stop
                0x0000000008005610       0x28 CMakeFiles/MPU6050_clion.elf.dir/MPU6050/mpuiic.c.obj
                0x0000000008005610                MPU_IIC_Stop
 .text.MPU_IIC_Init
                0x0000000008005638       0x48 CMakeFiles/MPU6050_clion.elf.dir/MPU6050/mpuiic.c.obj
                0x0000000008005638                MPU_IIC_Init
 .text.MPU_IIC_Wait_Ack
                0x0000000008005680       0x40 CMakeFiles/MPU6050_clion.elf.dir/MPU6050/mpuiic.c.obj
                0x0000000008005680                MPU_IIC_Wait_Ack
 .text.MPU_IIC_Ack
                0x00000000080056c0       0x24 CMakeFiles/MPU6050_clion.elf.dir/MPU6050/mpuiic.c.obj
                0x00000000080056c0                MPU_IIC_Ack
 .text.MPU_IIC_NAck
                0x00000000080056e4       0x24 CMakeFiles/MPU6050_clion.elf.dir/MPU6050/mpuiic.c.obj
                0x00000000080056e4                MPU_IIC_NAck
 .text.MPU_IIC_Send_Byte
                0x0000000008005708       0x4c CMakeFiles/MPU6050_clion.elf.dir/MPU6050/mpuiic.c.obj
                0x0000000008005708                MPU_IIC_Send_Byte
 .text.MPU_IIC_Read_Byte
                0x0000000008005754       0x4c CMakeFiles/MPU6050_clion.elf.dir/MPU6050/mpuiic.c.obj
                0x0000000008005754                MPU_IIC_Read_Byte
 .text.checkDevice
                0x00000000080057a0       0x40 CMakeFiles/MPU6050_clion.elf.dir/MPU6050/mpuiic.c.obj
                0x00000000080057a0                checkDevice
 .text.__errno  0x00000000080057e0        0xc /home/szy/gcc-arm-none-eabi-7-2017-q4-major/bin/../lib/gcc/arm-none-eabi/7.2.1/../../../../arm-none-eabi/lib/thumb/v7-m/libg.a(lib_a-errno.o)
                0x00000000080057e0                __errno
 .text.__libc_init_array
                0x00000000080057ec       0x48 /home/szy/gcc-arm-none-eabi-7-2017-q4-major/bin/../lib/gcc/arm-none-eabi/7.2.1/../../../../arm-none-eabi/lib/thumb/v7-m/libg.a(lib_a-init.o)
                0x00000000080057ec                __libc_init_array
 .text.memset   0x0000000008005834       0x94 /home/szy/gcc-arm-none-eabi-7-2017-q4-major/bin/../lib/gcc/arm-none-eabi/7.2.1/../../../../arm-none-eabi/lib/thumb/v7-m/libg.a(lib_a-memset.o)
                0x0000000008005834                memset
 .text.printf   0x00000000080058c8       0x28 /home/szy/gcc-arm-none-eabi-7-2017-q4-major/bin/../lib/gcc/arm-none-eabi/7.2.1/../../../../arm-none-eabi/lib/thumb/v7-m/libg.a(lib_a-printf.o)
                0x00000000080058c8                printf
 .text._puts_r  0x00000000080058f0       0x9c /home/szy/gcc-arm-none-eabi-7-2017-q4-major/bin/../lib/gcc/arm-none-eabi/7.2.1/../../../../arm-none-eabi/lib/thumb/v7-m/libg.a(lib_a-puts.o)
                0x00000000080058f0                _puts_r
 .text.puts     0x000000000800598c       0x10 /home/szy/gcc-arm-none-eabi-7-2017-q4-major/bin/../lib/gcc/arm-none-eabi/7.2.1/../../../../arm-none-eabi/lib/thumb/v7-m/libg.a(lib_a-puts.o)
                0x000000000800598c                puts
 .text.strlen   0x000000000800599c       0x5c /home/szy/gcc-arm-none-eabi-7-2017-q4-major/bin/../lib/gcc/arm-none-eabi/7.2.1/../../../../arm-none-eabi/lib/thumb/v7-m/libg.a(lib_a-strlen-stub.o)
                0x000000000800599c                strlen
 .text._vfprintf_r
                0x00000000080059f8     0x1558 /home/szy/gcc-arm-none-eabi-7-2017-q4-major/bin/../lib/gcc/arm-none-eabi/7.2.1/../../../../arm-none-eabi/lib/thumb/v7-m/libg.a(lib_a-vfprintf.o)
                0x00000000080059f8                _vfprintf_r
 .text.__sbprintf
                0x0000000008006f50       0x88 /home/szy/gcc-arm-none-eabi-7-2017-q4-major/bin/../lib/gcc/arm-none-eabi/7.2.1/../../../../arm-none-eabi/lib/thumb/v7-m/libg.a(lib_a-vfprintf.o)
 .text.__swsetup_r
                0x0000000008006fd8       0xcc /home/szy/gcc-arm-none-eabi-7-2017-q4-major/bin/../lib/gcc/arm-none-eabi/7.2.1/../../../../arm-none-eabi/lib/thumb/v7-m/libg.a(lib_a-wsetup.o)
                0x0000000008006fd8                __swsetup_r
 .text.startup.register_fini
                0x00000000080070a4       0x14 /home/szy/gcc-arm-none-eabi-7-2017-q4-major/bin/../lib/gcc/arm-none-eabi/7.2.1/../../../../arm-none-eabi/lib/thumb/v7-m/libg.a(lib_a-__call_atexit.o)
 .text.atexit   0x00000000080070b8        0xc /home/szy/gcc-arm-none-eabi-7-2017-q4-major/bin/../lib/gcc/arm-none-eabi/7.2.1/../../../../arm-none-eabi/lib/thumb/v7-m/libg.a(lib_a-atexit.o)
                0x00000000080070b8                atexit
 .text.quorem   0x00000000080070c4      0x124 /home/szy/gcc-arm-none-eabi-7-2017-q4-major/bin/../lib/gcc/arm-none-eabi/7.2.1/../../../../arm-none-eabi/lib/thumb/v7-m/libg.a(lib_a-dtoa.o)
 .text._dtoa_r  0x00000000080071e8      0xe30 /home/szy/gcc-arm-none-eabi-7-2017-q4-major/bin/../lib/gcc/arm-none-eabi/7.2.1/../../../../arm-none-eabi/lib/thumb/v7-m/libg.a(lib_a-dtoa.o)
                0x00000000080071e8                _dtoa_r
 .text.__sflush_r
                0x0000000008008018      0x154 /home/szy/gcc-arm-none-eabi-7-2017-q4-major/bin/../lib/gcc/arm-none-eabi/7.2.1/../../../../arm-none-eabi/lib/thumb/v7-m/libg.a(lib_a-fflush.o)
                0x0000000008008018                __sflush_r
 .text._fflush_r
                0x000000000800816c       0x5c /home/szy/gcc-arm-none-eabi-7-2017-q4-major/bin/../lib/gcc/arm-none-eabi/7.2.1/../../../../arm-none-eabi/lib/thumb/v7-m/libg.a(lib_a-fflush.o)
                0x000000000800816c                _fflush_r
 .text.std      0x00000000080081c8       0x50 /home/szy/gcc-arm-none-eabi-7-2017-q4-major/bin/../lib/gcc/arm-none-eabi/7.2.1/../../../../arm-none-eabi/lib/thumb/v7-m/libg.a(lib_a-findfp.o)
 .text._cleanup_r
                0x0000000008008218        0xc /home/szy/gcc-arm-none-eabi-7-2017-q4-major/bin/../lib/gcc/arm-none-eabi/7.2.1/../../../../arm-none-eabi/lib/thumb/v7-m/libg.a(lib_a-findfp.o)
                0x0000000008008218                _cleanup_r
 .text.__sinit  0x0000000008008224       0x60 /home/szy/gcc-arm-none-eabi-7-2017-q4-major/bin/../lib/gcc/arm-none-eabi/7.2.1/../../../../arm-none-eabi/lib/thumb/v7-m/libg.a(lib_a-findfp.o)
                0x0000000008008224                __sinit
 .text.__sfp_lock_acquire
                0x0000000008008284        0xc /home/szy/gcc-arm-none-eabi-7-2017-q4-major/bin/../lib/gcc/arm-none-eabi/7.2.1/../../../../arm-none-eabi/lib/thumb/v7-m/libg.a(lib_a-findfp.o)
                0x0000000008008284                __sfp_lock_acquire
 .text.__sfp_lock_release
                0x0000000008008290        0xc /home/szy/gcc-arm-none-eabi-7-2017-q4-major/bin/../lib/gcc/arm-none-eabi/7.2.1/../../../../arm-none-eabi/lib/thumb/v7-m/libg.a(lib_a-findfp.o)
                0x0000000008008290                __sfp_lock_release
 .text.__libc_fini_array
                0x000000000800829c       0x34 /home/szy/gcc-arm-none-eabi-7-2017-q4-major/bin/../lib/gcc/arm-none-eabi/7.2.1/../../../../arm-none-eabi/lib/thumb/v7-m/libg.a(lib_a-fini.o)
                0x000000000800829c                __libc_fini_array
 .text._malloc_trim_r
                0x00000000080082d0       0xa0 /home/szy/gcc-arm-none-eabi-7-2017-q4-major/bin/../lib/gcc/arm-none-eabi/7.2.1/../../../../arm-none-eabi/lib/thumb/v7-m/libg.a(lib_a-freer.o)
                0x00000000080082d0                _malloc_trim_r
 .text._free_r  0x0000000008008370      0x1e8 /home/szy/gcc-arm-none-eabi-7-2017-q4-major/bin/../lib/gcc/arm-none-eabi/7.2.1/../../../../arm-none-eabi/lib/thumb/v7-m/libg.a(lib_a-freer.o)
                0x0000000008008370                _free_r
 .text.__sfvwrite_r
                0x0000000008008558      0x2f4 /home/szy/gcc-arm-none-eabi-7-2017-q4-major/bin/../lib/gcc/arm-none-eabi/7.2.1/../../../../arm-none-eabi/lib/thumb/v7-m/libg.a(lib_a-fvwrite.o)
                0x0000000008008558                __sfvwrite_r
 .text._fwalk_reent
                0x000000000800884c       0x50 /home/szy/gcc-arm-none-eabi-7-2017-q4-major/bin/../lib/gcc/arm-none-eabi/7.2.1/../../../../arm-none-eabi/lib/thumb/v7-m/libg.a(lib_a-fwalk.o)
                0x000000000800884c                _fwalk_reent
 .text._localeconv_r
                0x000000000800889c       0x1c /home/szy/gcc-arm-none-eabi-7-2017-q4-major/bin/../lib/gcc/arm-none-eabi/7.2.1/../../../../arm-none-eabi/lib/thumb/v7-m/libg.a(lib_a-localeconv.o)
                0x000000000800889c                _localeconv_r
 .text.__retarget_lock_init_recursive
                0x00000000080088b8        0x4 /home/szy/gcc-arm-none-eabi-7-2017-q4-major/bin/../lib/gcc/arm-none-eabi/7.2.1/../../../../arm-none-eabi/lib/thumb/v7-m/libg.a(lib_a-lock.o)
                0x00000000080088b8                __retarget_lock_init_recursive
 .text.__retarget_lock_close_recursive
                0x00000000080088bc        0x4 /home/szy/gcc-arm-none-eabi-7-2017-q4-major/bin/../lib/gcc/arm-none-eabi/7.2.1/../../../../arm-none-eabi/lib/thumb/v7-m/libg.a(lib_a-lock.o)
                0x00000000080088bc                __retarget_lock_close_recursive
 .text.__retarget_lock_acquire_recursive
                0x00000000080088c0        0x4 /home/szy/gcc-arm-none-eabi-7-2017-q4-major/bin/../lib/gcc/arm-none-eabi/7.2.1/../../../../arm-none-eabi/lib/thumb/v7-m/libg.a(lib_a-lock.o)
                0x00000000080088c0                __retarget_lock_acquire_recursive
 .text.__retarget_lock_release_recursive
                0x00000000080088c4        0x4 /home/szy/gcc-arm-none-eabi-7-2017-q4-major/bin/../lib/gcc/arm-none-eabi/7.2.1/../../../../arm-none-eabi/lib/thumb/v7-m/libg.a(lib_a-lock.o)
                0x00000000080088c4                __retarget_lock_release_recursive
 .text.__swhatbuf_r
                0x00000000080088c8       0x5c /home/szy/gcc-arm-none-eabi-7-2017-q4-major/bin/../lib/gcc/arm-none-eabi/7.2.1/../../../../arm-none-eabi/lib/thumb/v7-m/libg.a(lib_a-makebuf.o)
                0x00000000080088c8                __swhatbuf_r
 .text.__smakebuf_r
                0x0000000008008924       0x94 /home/szy/gcc-arm-none-eabi-7-2017-q4-major/bin/../lib/gcc/arm-none-eabi/7.2.1/../../../../arm-none-eabi/lib/thumb/v7-m/libg.a(lib_a-makebuf.o)
                0x0000000008008924                __smakebuf_r
 .text._malloc_r
                0x00000000080089b8      0x524 /home/szy/gcc-arm-none-eabi-7-2017-q4-major/bin/../lib/gcc/arm-none-eabi/7.2.1/../../../../arm-none-eabi/lib/thumb/v7-m/libg.a(lib_a-mallocr.o)
                0x00000000080089b8                _malloc_r
 .text.memchr   0x0000000008008edc       0x8c /home/szy/gcc-arm-none-eabi-7-2017-q4-major/bin/../lib/gcc/arm-none-eabi/7.2.1/../../../../arm-none-eabi/lib/thumb/v7-m/libg.a(lib_a-memchr-stub.o)
                0x0000000008008edc                memchr
 .text.memmove  0x0000000008008f68       0xc4 /home/szy/gcc-arm-none-eabi-7-2017-q4-major/bin/../lib/gcc/arm-none-eabi/7.2.1/../../../../arm-none-eabi/lib/thumb/v7-m/libg.a(lib_a-memmove.o)
                0x0000000008008f68                memmove
 .text.__malloc_lock
                0x000000000800902c        0xc /home/szy/gcc-arm-none-eabi-7-2017-q4-major/bin/../lib/gcc/arm-none-eabi/7.2.1/../../../../arm-none-eabi/lib/thumb/v7-m/libg.a(lib_a-mlock.o)
                0x000000000800902c                __malloc_lock
 .text.__malloc_unlock
                0x0000000008009038        0xc /home/szy/gcc-arm-none-eabi-7-2017-q4-major/bin/../lib/gcc/arm-none-eabi/7.2.1/../../../../arm-none-eabi/lib/thumb/v7-m/libg.a(lib_a-mlock.o)
                0x0000000008009038                __malloc_unlock
 .text._Balloc  0x0000000008009044       0x4c /home/szy/gcc-arm-none-eabi-7-2017-q4-major/bin/../lib/gcc/arm-none-eabi/7.2.1/../../../../arm-none-eabi/lib/thumb/v7-m/libg.a(lib_a-mprec.o)
                0x0000000008009044                _Balloc
 .text._Bfree   0x0000000008009090       0x14 /home/szy/gcc-arm-none-eabi-7-2017-q4-major/bin/../lib/gcc/arm-none-eabi/7.2.1/../../../../arm-none-eabi/lib/thumb/v7-m/libg.a(lib_a-mprec.o)
                0x0000000008009090                _Bfree
 .text.__multadd
                0x00000000080090a4       0x84 /home/szy/gcc-arm-none-eabi-7-2017-q4-major/bin/../lib/gcc/arm-none-eabi/7.2.1/../../../../arm-none-eabi/lib/thumb/v7-m/libg.a(lib_a-mprec.o)
                0x00000000080090a4                __multadd
 .text.__hi0bits
                0x0000000008009128       0x40 /home/szy/gcc-arm-none-eabi-7-2017-q4-major/bin/../lib/gcc/arm-none-eabi/7.2.1/../../../../arm-none-eabi/lib/thumb/v7-m/libg.a(lib_a-mprec.o)
                0x0000000008009128                __hi0bits
 .text.__lo0bits
                0x0000000008009168       0x60 /home/szy/gcc-arm-none-eabi-7-2017-q4-major/bin/../lib/gcc/arm-none-eabi/7.2.1/../../../../arm-none-eabi/lib/thumb/v7-m/libg.a(lib_a-mprec.o)
                0x0000000008009168                __lo0bits
 .text.__i2b    0x00000000080091c8       0x14 /home/szy/gcc-arm-none-eabi-7-2017-q4-major/bin/../lib/gcc/arm-none-eabi/7.2.1/../../../../arm-none-eabi/lib/thumb/v7-m/libg.a(lib_a-mprec.o)
                0x00000000080091c8                __i2b
 .text.__multiply
                0x00000000080091dc      0x14c /home/szy/gcc-arm-none-eabi-7-2017-q4-major/bin/../lib/gcc/arm-none-eabi/7.2.1/../../../../arm-none-eabi/lib/thumb/v7-m/libg.a(lib_a-mprec.o)
                0x00000000080091dc                __multiply
 .text.__pow5mult
                0x0000000008009328       0xa0 /home/szy/gcc-arm-none-eabi-7-2017-q4-major/bin/../lib/gcc/arm-none-eabi/7.2.1/../../../../arm-none-eabi/lib/thumb/v7-m/libg.a(lib_a-mprec.o)
                0x0000000008009328                __pow5mult
 .text.__lshift
                0x00000000080093c8       0xb4 /home/szy/gcc-arm-none-eabi-7-2017-q4-major/bin/../lib/gcc/arm-none-eabi/7.2.1/../../../../arm-none-eabi/lib/thumb/v7-m/libg.a(lib_a-mprec.o)
                0x00000000080093c8                __lshift
 .text.__mcmp   0x000000000800947c       0x38 /home/szy/gcc-arm-none-eabi-7-2017-q4-major/bin/../lib/gcc/arm-none-eabi/7.2.1/../../../../arm-none-eabi/lib/thumb/v7-m/libg.a(lib_a-mprec.o)
                0x000000000800947c                __mcmp
 .text.__mdiff  0x00000000080094b4      0x100 /home/szy/gcc-arm-none-eabi-7-2017-q4-major/bin/../lib/gcc/arm-none-eabi/7.2.1/../../../../arm-none-eabi/lib/thumb/v7-m/libg.a(lib_a-mprec.o)
                0x00000000080094b4                __mdiff
 .text.__d2b    0x00000000080095b4       0xb0 /home/szy/gcc-arm-none-eabi-7-2017-q4-major/bin/../lib/gcc/arm-none-eabi/7.2.1/../../../../arm-none-eabi/lib/thumb/v7-m/libg.a(lib_a-mprec.o)
                0x00000000080095b4                __d2b
 .text._realloc_r
                0x0000000008009664      0x374 /home/szy/gcc-arm-none-eabi-7-2017-q4-major/bin/../lib/gcc/arm-none-eabi/7.2.1/../../../../arm-none-eabi/lib/thumb/v7-m/libg.a(lib_a-reallocr.o)
                0x0000000008009664                _realloc_r
 .text._sbrk_r  0x00000000080099d8       0x24 /home/szy/gcc-arm-none-eabi-7-2017-q4-major/bin/../lib/gcc/arm-none-eabi/7.2.1/../../../../arm-none-eabi/lib/thumb/v7-m/libg.a(lib_a-sbrkr.o)
                0x00000000080099d8                _sbrk_r
 .text.__sread  0x00000000080099fc       0x24 /home/szy/gcc-arm-none-eabi-7-2017-q4-major/bin/../lib/gcc/arm-none-eabi/7.2.1/../../../../arm-none-eabi/lib/thumb/v7-m/libg.a(lib_a-stdio.o)
                0x00000000080099fc                __sread
 .text.__swrite
                0x0000000008009a20       0x3c /home/szy/gcc-arm-none-eabi-7-2017-q4-major/bin/../lib/gcc/arm-none-eabi/7.2.1/../../../../arm-none-eabi/lib/thumb/v7-m/libg.a(lib_a-stdio.o)
                0x0000000008009a20                __swrite
 .text.__sseek  0x0000000008009a5c       0x20 /home/szy/gcc-arm-none-eabi-7-2017-q4-major/bin/../lib/gcc/arm-none-eabi/7.2.1/../../../../arm-none-eabi/lib/thumb/v7-m/libg.a(lib_a-stdio.o)
                0x0000000008009a5c                __sseek
 .text.__sclose
                0x0000000008009a7c        0x8 /home/szy/gcc-arm-none-eabi-7-2017-q4-major/bin/../lib/gcc/arm-none-eabi/7.2.1/../../../../arm-none-eabi/lib/thumb/v7-m/libg.a(lib_a-stdio.o)
                0x0000000008009a7c                __sclose
 .text.__sprint_r.part.0
                0x0000000008009a84       0x78 /home/szy/gcc-arm-none-eabi-7-2017-q4-major/bin/../lib/gcc/arm-none-eabi/7.2.1/../../../../arm-none-eabi/lib/thumb/v7-m/libg.a(lib_a-vfiprintf.o)
 .text.__sprint_r
                0x0000000008009afc       0x14 /home/szy/gcc-arm-none-eabi-7-2017-q4-major/bin/../lib/gcc/arm-none-eabi/7.2.1/../../../../arm-none-eabi/lib/thumb/v7-m/libg.a(lib_a-vfiprintf.o)
                0x0000000008009afc                __sprint_r
 .text._write_r
                0x0000000008009b10       0x2c /home/szy/gcc-arm-none-eabi-7-2017-q4-major/bin/../lib/gcc/arm-none-eabi/7.2.1/../../../../arm-none-eabi/lib/thumb/v7-m/libg.a(lib_a-writer.o)
                0x0000000008009b10                _write_r
 .text.__register_exitproc
                0x0000000008009b3c       0xc0 /home/szy/gcc-arm-none-eabi-7-2017-q4-major/bin/../lib/gcc/arm-none-eabi/7.2.1/../../../../arm-none-eabi/lib/thumb/v7-m/libg.a(lib_a-__atexit.o)
                0x0000000008009b3c                __register_exitproc
 .text._calloc_r
                0x0000000008009bfc       0x6c /home/szy/gcc-arm-none-eabi-7-2017-q4-major/bin/../lib/gcc/arm-none-eabi/7.2.1/../../../../arm-none-eabi/lib/thumb/v7-m/libg.a(lib_a-callocr.o)
                0x0000000008009bfc                _calloc_r
 .text._close_r
                0x0000000008009c68       0x24 /home/szy/gcc-arm-none-eabi-7-2017-q4-major/bin/../lib/gcc/arm-none-eabi/7.2.1/../../../../arm-none-eabi/lib/thumb/v7-m/libg.a(lib_a-closer.o)
                0x0000000008009c68                _close_r
 .text._fclose_r
                0x0000000008009c8c       0xd0 /home/szy/gcc-arm-none-eabi-7-2017-q4-major/bin/../lib/gcc/arm-none-eabi/7.2.1/../../../../arm-none-eabi/lib/thumb/v7-m/libg.a(lib_a-fclose.o)
                0x0000000008009c8c                _fclose_r
 .text.__fputwc
                0x0000000008009d5c       0x94 /home/szy/gcc-arm-none-eabi-7-2017-q4-major/bin/../lib/gcc/arm-none-eabi/7.2.1/../../../../arm-none-eabi/lib/thumb/v7-m/libg.a(lib_a-fputwc.o)
                0x0000000008009d5c                __fputwc
 .text._fputwc_r
                0x0000000008009df0       0x64 /home/szy/gcc-arm-none-eabi-7-2017-q4-major/bin/../lib/gcc/arm-none-eabi/7.2.1/../../../../arm-none-eabi/lib/thumb/v7-m/libg.a(lib_a-fputwc.o)
                0x0000000008009df0                _fputwc_r
 .text._fstat_r
                0x0000000008009e54       0x28 /home/szy/gcc-arm-none-eabi-7-2017-q4-major/bin/../lib/gcc/arm-none-eabi/7.2.1/../../../../arm-none-eabi/lib/thumb/v7-m/libg.a(lib_a-fstatr.o)
                0x0000000008009e54                _fstat_r
 .text._isatty_r
                0x0000000008009e7c       0x24 /home/szy/gcc-arm-none-eabi-7-2017-q4-major/bin/../lib/gcc/arm-none-eabi/7.2.1/../../../../arm-none-eabi/lib/thumb/v7-m/libg.a(lib_a-isattyr.o)
                0x0000000008009e7c                _isatty_r
 .text.__locale_mb_cur_max
                0x0000000008009ea0       0x1c /home/szy/gcc-arm-none-eabi-7-2017-q4-major/bin/../lib/gcc/arm-none-eabi/7.2.1/../../../../arm-none-eabi/lib/thumb/v7-m/libg.a(lib_a-locale.o)
                0x0000000008009ea0                __locale_mb_cur_max
 .text._lseek_r
                0x0000000008009ebc       0x2c /home/szy/gcc-arm-none-eabi-7-2017-q4-major/bin/../lib/gcc/arm-none-eabi/7.2.1/../../../../arm-none-eabi/lib/thumb/v7-m/libg.a(lib_a-lseekr.o)
                0x0000000008009ebc                _lseek_r
 .text.__ascii_mbtowc
                0x0000000008009ee8       0x2c /home/szy/gcc-arm-none-eabi-7-2017-q4-major/bin/../lib/gcc/arm-none-eabi/7.2.1/../../../../arm-none-eabi/lib/thumb/v7-m/libg.a(lib_a-mbtowc_r.o)
                0x0000000008009ee8                __ascii_mbtowc
 .text._read_r  0x0000000008009f14       0x2c /home/szy/gcc-arm-none-eabi-7-2017-q4-major/bin/../lib/gcc/arm-none-eabi/7.2.1/../../../../arm-none-eabi/lib/thumb/v7-m/libg.a(lib_a-readr.o)
                0x0000000008009f14                _read_r
 .text.__swbuf_r
                0x0000000008009f40       0xb0 /home/szy/gcc-arm-none-eabi-7-2017-q4-major/bin/../lib/gcc/arm-none-eabi/7.2.1/../../../../arm-none-eabi/lib/thumb/v7-m/libg.a(lib_a-wbuf.o)
                0x0000000008009f40                __swbuf_r
 .text._wcrtomb_r
                0x0000000008009ff0       0x54 /home/szy/gcc-arm-none-eabi-7-2017-q4-major/bin/../lib/gcc/arm-none-eabi/7.2.1/../../../../arm-none-eabi/lib/thumb/v7-m/libg.a(lib_a-wcrtomb.o)
                0x0000000008009ff0                _wcrtomb_r
 .text.__ascii_wctomb
                0x000000000800a044       0x18 /home/szy/gcc-arm-none-eabi-7-2017-q4-major/bin/../lib/gcc/arm-none-eabi/7.2.1/../../../../arm-none-eabi/lib/thumb/v7-m/libg.a(lib_a-wctomb_r.o)
                0x000000000800a044                __ascii_wctomb
 .text.asin     0x000000000800a05c       0xa4 /home/szy/gcc-arm-none-eabi-7-2017-q4-major/bin/../lib/gcc/arm-none-eabi/7.2.1/../../../../arm-none-eabi/lib/thumb/v7-m/libm.a(lib_a-w_asin.o)
                0x000000000800a05c                asin
 .text.atan2    0x000000000800a100        0x4 /home/szy/gcc-arm-none-eabi-7-2017-q4-major/bin/../lib/gcc/arm-none-eabi/7.2.1/../../../../arm-none-eabi/lib/thumb/v7-m/libm.a(lib_a-w_atan2.o)
                0x000000000800a100                atan2
 *fill*         0x000000000800a104        0x4 
 .text.__ieee754_asin
                0x000000000800a108      0x474 /home/szy/gcc-arm-none-eabi-7-2017-q4-major/bin/../lib/gcc/arm-none-eabi/7.2.1/../../../../arm-none-eabi/lib/thumb/v7-m/libm.a(lib_a-e_asin.o)
                0x000000000800a108                __ieee754_asin
 *fill*         0x000000000800a57c        0x4 
 .text.__ieee754_atan2
                0x000000000800a580      0x1b4 /home/szy/gcc-arm-none-eabi-7-2017-q4-major/bin/../lib/gcc/arm-none-eabi/7.2.1/../../../../arm-none-eabi/lib/thumb/v7-m/libm.a(lib_a-e_atan2.o)
                0x000000000800a580                __ieee754_atan2
 .text.__ieee754_sqrt
                0x000000000800a734      0x184 /home/szy/gcc-arm-none-eabi-7-2017-q4-major/bin/../lib/gcc/arm-none-eabi/7.2.1/../../../../arm-none-eabi/lib/thumb/v7-m/libm.a(lib_a-e_sqrt.o)
                0x000000000800a734                __ieee754_sqrt
 .text.atan     0x000000000800a8b8      0x31c /home/szy/gcc-arm-none-eabi-7-2017-q4-major/bin/../lib/gcc/arm-none-eabi/7.2.1/../../../../arm-none-eabi/lib/thumb/v7-m/libm.a(lib_a-s_atan.o)
                0x000000000800a8b8                atan
 .text.fabs     0x000000000800abd4        0x8 /home/szy/gcc-arm-none-eabi-7-2017-q4-major/bin/../lib/gcc/arm-none-eabi/7.2.1/../../../../arm-none-eabi/lib/thumb/v7-m/libm.a(lib_a-s_fabs.o)
                0x000000000800abd4                fabs
 .text.matherr  0x000000000800abdc        0x4 /home/szy/gcc-arm-none-eabi-7-2017-q4-major/bin/../lib/gcc/arm-none-eabi/7.2.1/../../../../arm-none-eabi/lib/thumb/v7-m/libm.a(lib_a-s_matherr.o)
                0x000000000800abdc                matherr
 .text.nan      0x000000000800abe0        0xc /home/szy/gcc-arm-none-eabi-7-2017-q4-major/bin/../lib/gcc/arm-none-eabi/7.2.1/../../../../arm-none-eabi/lib/thumb/v7-m/libm.a(lib_a-s_nan.o)
                0x000000000800abe0                nan
 *(.glue_7)
 .glue_7        0x000000000800abec        0x0 linker stubs
 *(.glue_7t)
 .glue_7t       0x000000000800abec        0x0 linker stubs
 *(.eh_frame)
 .eh_frame      0x000000000800abec        0x0 /home/szy/gcc-arm-none-eabi-7-2017-q4-major/bin/../lib/gcc/arm-none-eabi/7.2.1/thumb/v7-m/crtbegin.o
 *(.init)
 .init          0x000000000800abec        0x4 /home/szy/gcc-arm-none-eabi-7-2017-q4-major/bin/../lib/gcc/arm-none-eabi/7.2.1/thumb/v7-m/crti.o
                0x000000000800abec                _init
 .init          0x000000000800abf0        0x8 /home/szy/gcc-arm-none-eabi-7-2017-q4-major/bin/../lib/gcc/arm-none-eabi/7.2.1/thumb/v7-m/crtn.o
 *(.fini)
 .fini          0x000000000800abf8        0x4 /home/szy/gcc-arm-none-eabi-7-2017-q4-major/bin/../lib/gcc/arm-none-eabi/7.2.1/thumb/v7-m/crti.o
                0x000000000800abf8                _fini
 .fini          0x000000000800abfc        0x8 /home/szy/gcc-arm-none-eabi-7-2017-q4-major/bin/../lib/gcc/arm-none-eabi/7.2.1/thumb/v7-m/crtn.o
                0x000000000800ac04                . = ALIGN (0x4)
                0x000000000800ac04                _etext = .

.vfp11_veneer   0x000000000800ac04        0x0
 .vfp11_veneer  0x000000000800ac04        0x0 linker stubs

.v4_bx          0x000000000800ac04        0x0
 .v4_bx         0x000000000800ac04        0x0 linker stubs

.iplt           0x000000000800ac04        0x0
 .iplt          0x000000000800ac04        0x0 /home/szy/gcc-arm-none-eabi-7-2017-q4-major/bin/../lib/gcc/arm-none-eabi/7.2.1/thumb/v7-m/crtbegin.o

.rodata         0x000000000800ac08     0x1028
                0x000000000800ac08                . = ALIGN (0x4)
 *(.rodata)
 .rodata        0x000000000800ac08       0x12 CMakeFiles/MPU6050_clion.elf.dir/Drivers/STM32F1xx_HAL_Driver/Src/stm32f1xx_hal_rcc.c.obj
 *fill*         0x000000000800ac1a        0x2 
 .rodata        0x000000000800ac1c       0x4e CMakeFiles/MPU6050_clion.elf.dir/MPU6050/eMPL/inv_mpu_dmp_motion_driver.c.obj
 *(.rodata*)
 *fill*         0x000000000800ac6a        0x2 
 .rodata.AHBPrescTable
                0x000000000800ac6c       0x10 CMakeFiles/MPU6050_clion.elf.dir/Core/Src/system_stm32f1xx.c.obj
                0x000000000800ac6c                AHBPrescTable
 .rodata.APBPrescTable
                0x000000000800ac7c        0x8 CMakeFiles/MPU6050_clion.elf.dir/Core/Src/system_stm32f1xx.c.obj
                0x000000000800ac7c                APBPrescTable
 .rodata.hw     0x000000000800ac84        0xc CMakeFiles/MPU6050_clion.elf.dir/MPU6050/eMPL/inv_mpu.c.obj
                0x000000000800ac84                hw
 .rodata.mpu_init.str1.4
                0x000000000800ac90       0x91 CMakeFiles/MPU6050_clion.elf.dir/MPU6050/eMPL/inv_mpu.c.obj
 *fill*         0x000000000800ad21        0x3 
 .rodata.reg    0x000000000800ad24       0x1b CMakeFiles/MPU6050_clion.elf.dir/MPU6050/eMPL/inv_mpu.c.obj
                0x000000000800ad24                reg
 *fill*         0x000000000800ad3f        0x1 
 .rodata.test   0x000000000800ad40       0x28 CMakeFiles/MPU6050_clion.elf.dir/MPU6050/eMPL/inv_mpu.c.obj
                0x000000000800ad40                test
 .rodata.dmp_memory
                0x000000000800ad68      0xbf6 CMakeFiles/MPU6050_clion.elf.dir/MPU6050/eMPL/inv_mpu_dmp_motion_driver.c.obj
 *fill*         0x000000000800b95e        0x2 
 .rodata._global_impure_ptr
                0x000000000800b960        0x4 /home/szy/gcc-arm-none-eabi-7-2017-q4-major/bin/../lib/gcc/arm-none-eabi/7.2.1/../../../../arm-none-eabi/lib/thumb/v7-m/libg.a(lib_a-impure.o)
                0x000000000800b960                _global_impure_ptr
 .rodata._puts_r.str1.4
                0x000000000800b964       0x91 /home/szy/gcc-arm-none-eabi-7-2017-q4-major/bin/../lib/gcc/arm-none-eabi/7.2.1/../../../../arm-none-eabi/lib/thumb/v7-m/libg.a(lib_a-puts.o)
                                          0x2 (size before relaxing)
 .rodata._vfprintf_r.str1.4
                0x000000000800b964       0x42 /home/szy/gcc-arm-none-eabi-7-2017-q4-major/bin/../lib/gcc/arm-none-eabi/7.2.1/../../../../arm-none-eabi/lib/thumb/v7-m/libg.a(lib_a-vfprintf.o)
 *fill*         0x000000000800b9a6        0x2 
 .rodata.blanks.7291
                0x000000000800b9a8       0x10 /home/szy/gcc-arm-none-eabi-7-2017-q4-major/bin/../lib/gcc/arm-none-eabi/7.2.1/../../../../arm-none-eabi/lib/thumb/v7-m/libg.a(lib_a-vfprintf.o)
 .rodata.zeroes.7292
                0x000000000800b9b8       0x10 /home/szy/gcc-arm-none-eabi-7-2017-q4-major/bin/../lib/gcc/arm-none-eabi/7.2.1/../../../../arm-none-eabi/lib/thumb/v7-m/libg.a(lib_a-vfprintf.o)
 .rodata._dtoa_r.str1.4
                0x000000000800b9c8       0x10 /home/szy/gcc-arm-none-eabi-7-2017-q4-major/bin/../lib/gcc/arm-none-eabi/7.2.1/../../../../arm-none-eabi/lib/thumb/v7-m/libg.a(lib_a-dtoa.o)
                                         0x12 (size before relaxing)
 .rodata.__mprec_bigtens
                0x000000000800b9d8       0x28 /home/szy/gcc-arm-none-eabi-7-2017-q4-major/bin/../lib/gcc/arm-none-eabi/7.2.1/../../../../arm-none-eabi/lib/thumb/v7-m/libg.a(lib_a-mprec.o)
                0x000000000800b9d8                __mprec_bigtens
 .rodata.__mprec_tens
                0x000000000800ba00       0xc8 /home/szy/gcc-arm-none-eabi-7-2017-q4-major/bin/../lib/gcc/arm-none-eabi/7.2.1/../../../../arm-none-eabi/lib/thumb/v7-m/libg.a(lib_a-mprec.o)
                0x000000000800ba00                __mprec_tens
 .rodata.p05.6092
                0x000000000800bac8        0xc /home/szy/gcc-arm-none-eabi-7-2017-q4-major/bin/../lib/gcc/arm-none-eabi/7.2.1/../../../../arm-none-eabi/lib/thumb/v7-m/libg.a(lib_a-mprec.o)
 .rodata._setlocale_r.str1.4
                0x000000000800bad4        0xa /home/szy/gcc-arm-none-eabi-7-2017-q4-major/bin/../lib/gcc/arm-none-eabi/7.2.1/../../../../arm-none-eabi/lib/thumb/v7-m/libg.a(lib_a-locale.o)
                                          0xd (size before relaxing)
 *fill*         0x000000000800bade        0x2 
 .rodata.str1.4
                0x000000000800bae0        0x2 /home/szy/gcc-arm-none-eabi-7-2017-q4-major/bin/../lib/gcc/arm-none-eabi/7.2.1/../../../../arm-none-eabi/lib/thumb/v7-m/libg.a(lib_a-locale.o)
 *fill*         0x000000000800bae2        0x2 
 .rodata._ctype_
                0x000000000800bae4      0x101 /home/szy/gcc-arm-none-eabi-7-2017-q4-major/bin/../lib/gcc/arm-none-eabi/7.2.1/../../../../arm-none-eabi/lib/thumb/v7-m/libg.a(lib_a-ctype_.o)
                0x000000000800bae4                _ctype_
 *fill*         0x000000000800bbe5        0x3 
 .rodata.asin.str1.4
                0x000000000800bbe8        0x8 /home/szy/gcc-arm-none-eabi-7-2017-q4-major/bin/../lib/gcc/arm-none-eabi/7.2.1/../../../../arm-none-eabi/lib/thumb/v7-m/libm.a(lib_a-w_asin.o)
                                          0x9 (size before relaxing)
 .rodata.atanhi
                0x000000000800bbf0       0x20 /home/szy/gcc-arm-none-eabi-7-2017-q4-major/bin/../lib/gcc/arm-none-eabi/7.2.1/../../../../arm-none-eabi/lib/thumb/v7-m/libm.a(lib_a-s_atan.o)
 .rodata.atanlo
                0x000000000800bc10       0x20 /home/szy/gcc-arm-none-eabi-7-2017-q4-major/bin/../lib/gcc/arm-none-eabi/7.2.1/../../../../arm-none-eabi/lib/thumb/v7-m/libm.a(lib_a-s_atan.o)
                0x000000000800bc30                . = ALIGN (0x4)

.ARM.extab      0x000000000800bc30        0x0
                0x000000000800bc30                . = ALIGN (0x4)
 *(.ARM.extab* .gnu.linkonce.armextab.*)
                0x000000000800bc30                . = ALIGN (0x4)

.ARM            0x000000000800bc30        0x8
                0x000000000800bc30                . = ALIGN (0x4)
                0x000000000800bc30                __exidx_start = .
 *(.ARM.exidx*)
 .ARM.exidx     0x000000000800bc30        0x8 /home/szy/gcc-arm-none-eabi-7-2017-q4-major/bin/../lib/gcc/arm-none-eabi/7.2.1/thumb/v7-m/libgcc.a(_udivmoddi4.o)
                0x000000000800bc38                __exidx_end = .
                0x000000000800bc38                . = ALIGN (0x4)

.rel.dyn        0x000000000800bc38        0x0
 .rel.iplt      0x000000000800bc38        0x0 /home/szy/gcc-arm-none-eabi-7-2017-q4-major/bin/../lib/gcc/arm-none-eabi/7.2.1/thumb/v7-m/crtbegin.o

.preinit_array  0x000000000800bc38        0x0
                0x000000000800bc38                . = ALIGN (0x4)
                0x000000000800bc38                PROVIDE (__preinit_array_start, .)
 *(.preinit_array*)
                0x000000000800bc38                PROVIDE (__preinit_array_end, .)
                0x000000000800bc38                . = ALIGN (0x4)

.init_array     0x000000000800bc38        0x8
                0x000000000800bc38                . = ALIGN (0x4)
                0x000000000800bc38                PROVIDE (__init_array_start, .)
 *(SORT_BY_NAME(.init_array.*))
 .init_array.00000
                0x000000000800bc38        0x4 /home/szy/gcc-arm-none-eabi-7-2017-q4-major/bin/../lib/gcc/arm-none-eabi/7.2.1/../../../../arm-none-eabi/lib/thumb/v7-m/libg.a(lib_a-__call_atexit.o)
 *(.init_array*)
 .init_array    0x000000000800bc3c        0x4 /home/szy/gcc-arm-none-eabi-7-2017-q4-major/bin/../lib/gcc/arm-none-eabi/7.2.1/thumb/v7-m/crtbegin.o
                0x000000000800bc40                PROVIDE (__init_array_end, .)
                0x000000000800bc40                . = ALIGN (0x4)

.fini_array     0x000000000800bc40        0x4
                0x000000000800bc40                . = ALIGN (0x4)
                0x000000000800bc40                PROVIDE (__fini_array_start, .)
 *(SORT_BY_NAME(.fini_array.*))
 *(.fini_array*)
 .fini_array    0x000000000800bc40        0x4 /home/szy/gcc-arm-none-eabi-7-2017-q4-major/bin/../lib/gcc/arm-none-eabi/7.2.1/thumb/v7-m/crtbegin.o
                0x000000000800bc44                PROVIDE (__fini_array_end, .)
                0x000000000800bc44                . = ALIGN (0x4)
                0x000000000800bc44                _sidata = LOADADDR (.data)

.data           0x0000000020000000      0x9fc load address 0x000000000800bc44
                0x0000000020000000                . = ALIGN (0x4)
                0x0000000020000000                _sdata = .
 *(.data)
 *(.data*)
 .data.problem_init
                0x0000000020000000        0x1 CMakeFiles/MPU6050_clion.elf.dir/Core/Src/main.c.obj
                0x0000000020000000                problem_init
 *fill*         0x0000000020000001        0x3 
 .data.SystemCoreClock
                0x0000000020000004        0x4 CMakeFiles/MPU6050_clion.elf.dir/Core/Src/system_stm32f1xx.c.obj
                0x0000000020000004                SystemCoreClock
 .data.uwTickFreq
                0x0000000020000008        0x1 CMakeFiles/MPU6050_clion.elf.dir/Drivers/STM32F1xx_HAL_Driver/Src/stm32f1xx_hal.c.obj
                0x0000000020000008                uwTickFreq
 *fill*         0x0000000020000009        0x3 
 .data.uwTickPrio
                0x000000002000000c        0x4 CMakeFiles/MPU6050_clion.elf.dir/Drivers/STM32F1xx_HAL_Driver/Src/stm32f1xx_hal.c.obj
                0x000000002000000c                uwTickPrio
 .data.gyro_orientation
                0x0000000020000010        0x9 CMakeFiles/MPU6050_clion.elf.dir/MPU6050/eMPL/inv_mpu.c.obj
 *fill*         0x0000000020000019        0x3 
 .data.st       0x000000002000001c       0x2c CMakeFiles/MPU6050_clion.elf.dir/MPU6050/eMPL/inv_mpu.c.obj
 .data._impure_ptr
                0x0000000020000048        0x4 /home/szy/gcc-arm-none-eabi-7-2017-q4-major/bin/../lib/gcc/arm-none-eabi/7.2.1/../../../../arm-none-eabi/lib/thumb/v7-m/libg.a(lib_a-impure.o)
                0x0000000020000048                _impure_ptr
 *fill*         0x000000002000004c        0x4 
 .data.impure_data
                0x0000000020000050      0x428 /home/szy/gcc-arm-none-eabi-7-2017-q4-major/bin/../lib/gcc/arm-none-eabi/7.2.1/../../../../arm-none-eabi/lib/thumb/v7-m/libg.a(lib_a-impure.o)
 .data.__atexit_recursive_mutex
                0x0000000020000478        0x4 /home/szy/gcc-arm-none-eabi-7-2017-q4-major/bin/../lib/gcc/arm-none-eabi/7.2.1/../../../../arm-none-eabi/lib/thumb/v7-m/libg.a(lib_a-__call_atexit.o)
                0x0000000020000478                __atexit_recursive_mutex
 .data.__malloc_av_
                0x000000002000047c      0x408 /home/szy/gcc-arm-none-eabi-7-2017-q4-major/bin/../lib/gcc/arm-none-eabi/7.2.1/../../../../arm-none-eabi/lib/thumb/v7-m/libg.a(lib_a-mallocr.o)
                0x000000002000047c                __malloc_av_
 .data.__malloc_sbrk_base
                0x0000000020000884        0x4 /home/szy/gcc-arm-none-eabi-7-2017-q4-major/bin/../lib/gcc/arm-none-eabi/7.2.1/../../../../arm-none-eabi/lib/thumb/v7-m/libg.a(lib_a-mallocr.o)
                0x0000000020000884                __malloc_sbrk_base
 .data.__malloc_trim_threshold
                0x0000000020000888        0x4 /home/szy/gcc-arm-none-eabi-7-2017-q4-major/bin/../lib/gcc/arm-none-eabi/7.2.1/../../../../arm-none-eabi/lib/thumb/v7-m/libg.a(lib_a-mallocr.o)
                0x0000000020000888                __malloc_trim_threshold
 .data.__global_locale
                0x000000002000088c      0x16c /home/szy/gcc-arm-none-eabi-7-2017-q4-major/bin/../lib/gcc/arm-none-eabi/7.2.1/../../../../arm-none-eabi/lib/thumb/v7-m/libg.a(lib_a-locale.o)
                0x000000002000088c                __global_locale
 .data.__fdlib_version
                0x00000000200009f8        0x1 /home/szy/gcc-arm-none-eabi-7-2017-q4-major/bin/../lib/gcc/arm-none-eabi/7.2.1/../../../../arm-none-eabi/lib/thumb/v7-m/libm.a(lib_a-s_lib_ver.o)
                0x00000000200009f8                __fdlib_version
 *(.RamFunc)
 *(.RamFunc*)
                0x00000000200009fc                . = ALIGN (0x4)
 *fill*         0x00000000200009f9        0x3 
                0x00000000200009fc                _edata = .

.igot.plt       0x00000000200009fc        0x0 load address 0x000000000800c640
 .igot.plt      0x00000000200009fc        0x0 /home/szy/gcc-arm-none-eabi-7-2017-q4-major/bin/../lib/gcc/arm-none-eabi/7.2.1/thumb/v7-m/crtbegin.o
                0x00000000200009fc                . = ALIGN (0x4)

.bss            0x00000000200009fc      0x138 load address 0x000000000800c640
                0x00000000200009fc                _sbss = .
                0x00000000200009fc                __bss_start__ = _sbss
 *(.bss)
 .bss           0x00000000200009fc       0x1c /home/szy/gcc-arm-none-eabi-7-2017-q4-major/bin/../lib/gcc/arm-none-eabi/7.2.1/thumb/v7-m/crtbegin.o
 *(.bss*)
 .bss.aacx      0x0000000020000a18        0x2 CMakeFiles/MPU6050_clion.elf.dir/Core/Src/main.c.obj
                0x0000000020000a18                aacx
 .bss.aacy      0x0000000020000a1a        0x2 CMakeFiles/MPU6050_clion.elf.dir/Core/Src/main.c.obj
                0x0000000020000a1a                aacy
 .bss.aacz      0x0000000020000a1c        0x2 CMakeFiles/MPU6050_clion.elf.dir/Core/Src/main.c.obj
                0x0000000020000a1c                aacz
 .bss.gyrox     0x0000000020000a1e        0x2 CMakeFiles/MPU6050_clion.elf.dir/Core/Src/main.c.obj
                0x0000000020000a1e                gyrox
 .bss.gyroy     0x0000000020000a20        0x2 CMakeFiles/MPU6050_clion.elf.dir/Core/Src/main.c.obj
                0x0000000020000a20                gyroy
 .bss.gyroz     0x0000000020000a22        0x2 CMakeFiles/MPU6050_clion.elf.dir/Core/Src/main.c.obj
                0x0000000020000a22                gyroz
 .bss.pitch     0x0000000020000a24        0x4 CMakeFiles/MPU6050_clion.elf.dir/Core/Src/main.c.obj
                0x0000000020000a24                pitch
 .bss.roll      0x0000000020000a28        0x4 CMakeFiles/MPU6050_clion.elf.dir/Core/Src/main.c.obj
                0x0000000020000a28                roll
 .bss.temperature
                0x0000000020000a2c        0x2 CMakeFiles/MPU6050_clion.elf.dir/Core/Src/main.c.obj
                0x0000000020000a2c                temperature
 *fill*         0x0000000020000a2e        0x2 
 .bss.yaw       0x0000000020000a30        0x4 CMakeFiles/MPU6050_clion.elf.dir/Core/Src/main.c.obj
                0x0000000020000a30                yaw
 .bss.__sbrk_heap_end
                0x0000000020000a34        0x4 CMakeFiles/MPU6050_clion.elf.dir/Core/Src/sysmem.c.obj
 .bss.hdma_usart1_tx
                0x0000000020000a38       0x44 CMakeFiles/MPU6050_clion.elf.dir/Core/Src/usart.c.obj
                0x0000000020000a38                hdma_usart1_tx
 .bss.huart1    0x0000000020000a7c       0x44 CMakeFiles/MPU6050_clion.elf.dir/Core/Src/usart.c.obj
                0x0000000020000a7c                huart1
 .bss.uwTick    0x0000000020000ac0        0x4 CMakeFiles/MPU6050_clion.elf.dir/Drivers/STM32F1xx_HAL_Driver/Src/stm32f1xx_hal.c.obj
                0x0000000020000ac0                uwTick
 .bss.fac_us    0x0000000020000ac4        0x4 CMakeFiles/MPU6050_clion.elf.dir/MPU6050/delay.c.obj
 .bss.dmp       0x0000000020000ac8       0x10 CMakeFiles/MPU6050_clion.elf.dir/MPU6050/eMPL/inv_mpu_dmp_motion_driver.c.obj
 .bss.__malloc_current_mallinfo
                0x0000000020000ad8       0x28 /home/szy/gcc-arm-none-eabi-7-2017-q4-major/bin/../lib/gcc/arm-none-eabi/7.2.1/../../../../arm-none-eabi/lib/thumb/v7-m/libg.a(lib_a-mallocr.o)
                0x0000000020000ad8                __malloc_current_mallinfo
 .bss.__malloc_max_sbrked_mem
                0x0000000020000b00        0x4 /home/szy/gcc-arm-none-eabi-7-2017-q4-major/bin/../lib/gcc/arm-none-eabi/7.2.1/../../../../arm-none-eabi/lib/thumb/v7-m/libg.a(lib_a-mallocr.o)
                0x0000000020000b00                __malloc_max_sbrked_mem
 .bss.__malloc_max_total_mem
                0x0000000020000b04        0x4 /home/szy/gcc-arm-none-eabi-7-2017-q4-major/bin/../lib/gcc/arm-none-eabi/7.2.1/../../../../arm-none-eabi/lib/thumb/v7-m/libg.a(lib_a-mallocr.o)
                0x0000000020000b04                __malloc_max_total_mem
 .bss.__malloc_top_pad
                0x0000000020000b08        0x4 /home/szy/gcc-arm-none-eabi-7-2017-q4-major/bin/../lib/gcc/arm-none-eabi/7.2.1/../../../../arm-none-eabi/lib/thumb/v7-m/libg.a(lib_a-mallocr.o)
                0x0000000020000b08                __malloc_top_pad
 *(COMMON)
 COMMON         0x0000000020000b0c       0x21 /home/szy/gcc-arm-none-eabi-7-2017-q4-major/bin/../lib/gcc/arm-none-eabi/7.2.1/../../../../arm-none-eabi/lib/thumb/v7-m/libg.a(lib_a-lock.o)
                0x0000000020000b0c                __lock___atexit_recursive_mutex
                0x0000000020000b10                __lock___arc4random_mutex
                0x0000000020000b14                __lock___env_recursive_mutex
                0x0000000020000b18                __lock___sinit_recursive_mutex
                0x0000000020000b1c                __lock___malloc_recursive_mutex
                0x0000000020000b20                __lock___at_quick_exit_mutex
                0x0000000020000b24                __lock___dd_hash_mutex
                0x0000000020000b28                __lock___tz_mutex
                0x0000000020000b2c                __lock___sfp_recursive_mutex
 *fill*         0x0000000020000b2d        0x3 
 COMMON         0x0000000020000b30        0x4 /home/szy/gcc-arm-none-eabi-7-2017-q4-major/bin/../lib/gcc/arm-none-eabi/7.2.1/../../../../arm-none-eabi/lib/thumb/v7-m/libg.a(lib_a-reent.o)
                0x0000000020000b30                errno
                0x0000000020000b34                . = ALIGN (0x4)
                0x0000000020000b34                _ebss = .
                0x0000000020000b34                __bss_end__ = _ebss

._user_heap_stack
                0x0000000020000b34      0x604 load address 0x000000000800c640
                0x0000000020000b38                . = ALIGN (0x8)
 *fill*         0x0000000020000b34        0x4 
                [!provide]                        PROVIDE (end, .)
                0x0000000020000b38                PROVIDE (_end, .)
                0x0000000020000d38                . = (. + _Min_Heap_Size)
 *fill*         0x0000000020000b38      0x200 
                0x0000000020001138                . = (. + _Min_Stack_Size)
 *fill*         0x0000000020000d38      0x400 
                0x0000000020001138                . = ALIGN (0x8)

/DISCARD/
 libc.a(*)
 libm.a(*)
 libgcc.a(*)

.ARM.attributes
                0x0000000000000000       0x29
 *(.ARM.attributes)
 .ARM.attributes
                0x0000000000000000       0x1d /home/szy/gcc-arm-none-eabi-7-2017-q4-major/bin/../lib/gcc/arm-none-eabi/7.2.1/thumb/v7-m/crti.o
 .ARM.attributes
                0x000000000000001d       0x2d /home/szy/gcc-arm-none-eabi-7-2017-q4-major/bin/../lib/gcc/arm-none-eabi/7.2.1/thumb/v7-m/crtbegin.o
 .ARM.attributes
                0x000000000000004a       0x33 CMakeFiles/MPU6050_clion.elf.dir/Core/Src/dma.c.obj
 .ARM.attributes
                0x000000000000007d       0x33 CMakeFiles/MPU6050_clion.elf.dir/Core/Src/gpio.c.obj
 .ARM.attributes
                0x00000000000000b0       0x33 CMakeFiles/MPU6050_clion.elf.dir/Core/Src/main.c.obj
 .ARM.attributes
                0x00000000000000e3       0x33 CMakeFiles/MPU6050_clion.elf.dir/Core/Src/stm32f1xx_hal_msp.c.obj
 .ARM.attributes
                0x0000000000000116       0x33 CMakeFiles/MPU6050_clion.elf.dir/Core/Src/stm32f1xx_it.c.obj
 .ARM.attributes
                0x0000000000000149       0x33 CMakeFiles/MPU6050_clion.elf.dir/Core/Src/syscalls.c.obj
 .ARM.attributes
                0x000000000000017c       0x33 CMakeFiles/MPU6050_clion.elf.dir/Core/Src/sysmem.c.obj
 .ARM.attributes
                0x00000000000001af       0x33 CMakeFiles/MPU6050_clion.elf.dir/Core/Src/system_stm32f1xx.c.obj
 .ARM.attributes
                0x00000000000001e2       0x33 CMakeFiles/MPU6050_clion.elf.dir/Core/Src/usart.c.obj
 .ARM.attributes
                0x0000000000000215       0x21 CMakeFiles/MPU6050_clion.elf.dir/Core/Startup/startup_stm32f103c8tx.s.obj
 .ARM.attributes
                0x0000000000000236       0x33 CMakeFiles/MPU6050_clion.elf.dir/Drivers/STM32F1xx_HAL_Driver/Src/stm32f1xx_hal.c.obj
 .ARM.attributes
                0x0000000000000269       0x33 CMakeFiles/MPU6050_clion.elf.dir/Drivers/STM32F1xx_HAL_Driver/Src/stm32f1xx_hal_cortex.c.obj
 .ARM.attributes
                0x000000000000029c       0x33 CMakeFiles/MPU6050_clion.elf.dir/Drivers/STM32F1xx_HAL_Driver/Src/stm32f1xx_hal_dma.c.obj
 .ARM.attributes
                0x00000000000002cf       0x33 CMakeFiles/MPU6050_clion.elf.dir/Drivers/STM32F1xx_HAL_Driver/Src/stm32f1xx_hal_gpio.c.obj
 .ARM.attributes
                0x0000000000000302       0x33 CMakeFiles/MPU6050_clion.elf.dir/Drivers/STM32F1xx_HAL_Driver/Src/stm32f1xx_hal_rcc.c.obj
 .ARM.attributes
                0x0000000000000335       0x33 CMakeFiles/MPU6050_clion.elf.dir/Drivers/STM32F1xx_HAL_Driver/Src/stm32f1xx_hal_uart.c.obj
 .ARM.attributes
                0x0000000000000368       0x33 CMakeFiles/MPU6050_clion.elf.dir/MPU6050/delay.c.obj
 .ARM.attributes
                0x000000000000039b       0x33 CMakeFiles/MPU6050_clion.elf.dir/MPU6050/eMPL/inv_mpu.c.obj
 .ARM.attributes
                0x00000000000003ce       0x33 CMakeFiles/MPU6050_clion.elf.dir/MPU6050/eMPL/inv_mpu_dmp_motion_driver.c.obj
 .ARM.attributes
                0x0000000000000401       0x33 CMakeFiles/MPU6050_clion.elf.dir/MPU6050/mpu6050.c.obj
 .ARM.attributes
                0x0000000000000434       0x33 CMakeFiles/MPU6050_clion.elf.dir/MPU6050/mpuiic.c.obj
 .ARM.attributes
                0x0000000000000467       0x1d /home/szy/gcc-arm-none-eabi-7-2017-q4-major/bin/../lib/gcc/arm-none-eabi/7.2.1/thumb/v7-m/libgcc.a(_arm_addsubdf3.o)
 .ARM.attributes
                0x0000000000000484       0x1d /home/szy/gcc-arm-none-eabi-7-2017-q4-major/bin/../lib/gcc/arm-none-eabi/7.2.1/thumb/v7-m/libgcc.a(_arm_muldivdf3.o)
 .ARM.attributes
                0x00000000000004a1       0x1d /home/szy/gcc-arm-none-eabi-7-2017-q4-major/bin/../lib/gcc/arm-none-eabi/7.2.1/thumb/v7-m/libgcc.a(_arm_truncdfsf2.o)
 .ARM.attributes
                0x00000000000004be       0x1d /home/szy/gcc-arm-none-eabi-7-2017-q4-major/bin/../lib/gcc/arm-none-eabi/7.2.1/thumb/v7-m/libgcc.a(_arm_addsubsf3.o)
 .ARM.attributes
                0x00000000000004db       0x1d /home/szy/gcc-arm-none-eabi-7-2017-q4-major/bin/../lib/gcc/arm-none-eabi/7.2.1/thumb/v7-m/libgcc.a(_arm_muldivsf3.o)
 .ARM.attributes
                0x00000000000004f8       0x1d /home/szy/gcc-arm-none-eabi-7-2017-q4-major/bin/../lib/gcc/arm-none-eabi/7.2.1/thumb/v7-m/libgcc.a(_arm_cmpsf2.o)
 .ARM.attributes
                0x0000000000000515       0x1d /home/szy/gcc-arm-none-eabi-7-2017-q4-major/bin/../lib/gcc/arm-none-eabi/7.2.1/thumb/v7-m/libgcc.a(_arm_fixsfsi.o)
 .ARM.attributes
                0x0000000000000532       0x1d /home/szy/gcc-arm-none-eabi-7-2017-q4-major/bin/../lib/gcc/arm-none-eabi/7.2.1/thumb/v7-m/libgcc.a(_arm_fixunssfsi.o)
 .ARM.attributes
                0x000000000000054f       0x1d /home/szy/gcc-arm-none-eabi-7-2017-q4-major/bin/../lib/gcc/arm-none-eabi/7.2.1/thumb/v7-m/libgcc.a(_aeabi_ldivmod.o)
 .ARM.attributes
                0x000000000000056c       0x2d /home/szy/gcc-arm-none-eabi-7-2017-q4-major/bin/../lib/gcc/arm-none-eabi/7.2.1/thumb/v7-m/libgcc.a(_udivmoddi4.o)
 .ARM.attributes
                0x0000000000000599       0x1d /home/szy/gcc-arm-none-eabi-7-2017-q4-major/bin/../lib/gcc/arm-none-eabi/7.2.1/thumb/v7-m/libgcc.a(_dvmd_tls.o)
 .ARM.attributes
                0x00000000000005b6       0x2d /home/szy/gcc-arm-none-eabi-7-2017-q4-major/bin/../lib/gcc/arm-none-eabi/7.2.1/../../../../arm-none-eabi/lib/thumb/v7-m/libg.a(lib_a-errno.o)
 .ARM.attributes
                0x00000000000005e3       0x2d /home/szy/gcc-arm-none-eabi-7-2017-q4-major/bin/../lib/gcc/arm-none-eabi/7.2.1/../../../../arm-none-eabi/lib/thumb/v7-m/libg.a(lib_a-impure.o)
 .ARM.attributes
                0x0000000000000610       0x2d /home/szy/gcc-arm-none-eabi-7-2017-q4-major/bin/../lib/gcc/arm-none-eabi/7.2.1/../../../../arm-none-eabi/lib/thumb/v7-m/libg.a(lib_a-init.o)
 .ARM.attributes
                0x000000000000063d       0x2d /home/szy/gcc-arm-none-eabi-7-2017-q4-major/bin/../lib/gcc/arm-none-eabi/7.2.1/../../../../arm-none-eabi/lib/thumb/v7-m/libg.a(lib_a-memset.o)
 .ARM.attributes
                0x000000000000066a       0x2d /home/szy/gcc-arm-none-eabi-7-2017-q4-major/bin/../lib/gcc/arm-none-eabi/7.2.1/../../../../arm-none-eabi/lib/thumb/v7-m/libg.a(lib_a-printf.o)
 .ARM.attributes
                0x0000000000000697       0x2d /home/szy/gcc-arm-none-eabi-7-2017-q4-major/bin/../lib/gcc/arm-none-eabi/7.2.1/../../../../arm-none-eabi/lib/thumb/v7-m/libg.a(lib_a-puts.o)
 .ARM.attributes
                0x00000000000006c4       0x2d /home/szy/gcc-arm-none-eabi-7-2017-q4-major/bin/../lib/gcc/arm-none-eabi/7.2.1/../../../../arm-none-eabi/lib/thumb/v7-m/libg.a(lib_a-strlen-stub.o)
 .ARM.attributes
                0x00000000000006f1       0x2d /home/szy/gcc-arm-none-eabi-7-2017-q4-major/bin/../lib/gcc/arm-none-eabi/7.2.1/../../../../arm-none-eabi/lib/thumb/v7-m/libg.a(lib_a-vfprintf.o)
 .ARM.attributes
                0x000000000000071e       0x2d /home/szy/gcc-arm-none-eabi-7-2017-q4-major/bin/../lib/gcc/arm-none-eabi/7.2.1/../../../../arm-none-eabi/lib/thumb/v7-m/libg.a(lib_a-wsetup.o)
 .ARM.attributes
                0x000000000000074b       0x2d /home/szy/gcc-arm-none-eabi-7-2017-q4-major/bin/../lib/gcc/arm-none-eabi/7.2.1/../../../../arm-none-eabi/lib/thumb/v7-m/libg.a(lib_a-__call_atexit.o)
 .ARM.attributes
                0x0000000000000778       0x2d /home/szy/gcc-arm-none-eabi-7-2017-q4-major/bin/../lib/gcc/arm-none-eabi/7.2.1/../../../../arm-none-eabi/lib/thumb/v7-m/libg.a(lib_a-atexit.o)
 .ARM.attributes
                0x00000000000007a5       0x2d /home/szy/gcc-arm-none-eabi-7-2017-q4-major/bin/../lib/gcc/arm-none-eabi/7.2.1/../../../../arm-none-eabi/lib/thumb/v7-m/libg.a(lib_a-dtoa.o)
 .ARM.attributes
                0x00000000000007d2       0x2d /home/szy/gcc-arm-none-eabi-7-2017-q4-major/bin/../lib/gcc/arm-none-eabi/7.2.1/../../../../arm-none-eabi/lib/thumb/v7-m/libg.a(lib_a-fflush.o)
 .ARM.attributes
                0x00000000000007ff       0x2d /home/szy/gcc-arm-none-eabi-7-2017-q4-major/bin/../lib/gcc/arm-none-eabi/7.2.1/../../../../arm-none-eabi/lib/thumb/v7-m/libg.a(lib_a-findfp.o)
 .ARM.attributes
                0x000000000000082c       0x2d /home/szy/gcc-arm-none-eabi-7-2017-q4-major/bin/../lib/gcc/arm-none-eabi/7.2.1/../../../../arm-none-eabi/lib/thumb/v7-m/libg.a(lib_a-fini.o)
 .ARM.attributes